Component: ARM Compiler 5.06 update 7 (build 960) Tool: armlink [4d3601]

==============================================================================

Section Cross References

    startup_stm32f407xx.o(STACK) refers (Special) to heapauxi.o(.text) for __use_two_region_memory
    startup_stm32f407xx.o(HEAP) refers (Special) to heapauxi.o(.text) for __use_two_region_memory
    startup_stm32f407xx.o(RESET) refers (Special) to heapauxi.o(.text) for __use_two_region_memory
    startup_stm32f407xx.o(RESET) refers to startup_stm32f407xx.o(STACK) for __initial_sp
    startup_stm32f407xx.o(RESET) refers to startup_stm32f407xx.o(.text) for Reset_Handler
    startup_stm32f407xx.o(RESET) refers to gtim.o(i.TIM3_IRQHandler) for TIM3_IRQHandler
    startup_stm32f407xx.o(RESET) refers to usart.o(i.USART1_IRQHandler) for USART1_IRQHandler
    startup_stm32f407xx.o(RESET) refers to atim.o(i.TIM8_UP_TIM13_IRQHandler) for TIM8_UP_TIM13_IRQHandler
    startup_stm32f407xx.o(RESET) refers to adc.o(i.DMA2_Stream0_IRQHandler) for DMA2_Stream0_IRQHandler
    startup_stm32f407xx.o(.text) refers (Special) to heapauxi.o(.text) for __use_two_region_memory
    startup_stm32f407xx.o(.text) refers to __main.o(!!!main) for __main
    startup_stm32f407xx.o(.text) refers to startup_stm32f407xx.o(HEAP) for Heap_Mem
    startup_stm32f407xx.o(.text) refers to startup_stm32f407xx.o(STACK) for Stack_Mem
    main.o(i.Motorstatuswsitch) refers to adc.o(i.calibrate_current_offset) for calibrate_current_offset
    main.o(i.Motorstatuswsitch) refers to foc.o(.data) for motor_state
    main.o(i.main) refers to sys.o(i.sys_stm32_clock_init) for sys_stm32_clock_init
    main.o(i.main) refers to delay.o(i.delay_init) for delay_init
    main.o(i.main) refers to usart.o(i.usart_init) for usart_init
    main.o(i.main) refers to led.o(i.led_init) for led_init
    main.o(i.main) refers to spi.o(i.SPI2_GPIO_MasterInit) for SPI2_GPIO_MasterInit
    main.o(i.main) refers to spi.o(i.SPI2_MasterInit) for SPI2_MasterInit
    main.o(i.main) refers to i2c.o(i.AS5600_Init) for AS5600_Init
    main.o(i.main) refers to pid.o(i.init_moving_means) for init_moving_means
    main.o(i.main) refers to adc.o(i.adc_init) for adc_init
    main.o(i.main) refers to adc.o(i.dma_init) for dma_init
    main.o(i.main) refers to atim.o(i.atim_timx_cplm_pwm_init) for atim_timx_cplm_pwm_init
    main.o(i.main) refers to foc.o(i.foc_init) for foc_init
    main.o(i.main) refers to gtim.o(i.gtim_timx_int_init) for gtim_timx_int_init
    main.o(i.main) refers to i2c.o(i.AS5600_ReadRawAngle) for AS5600_ReadRawAngle
    main.o(i.main) refers to main.o(i.Motorstatuswsitch) for Motorstatuswsitch
    main.o(i.main) refers to foc.o(.data) for motor_state
    main.o(i.main) refers to gtim.o(.data) for TaskTimePare
    main.o(i.main) refers to main.o(.data) for value
    main.o(i.main) refers to pid.o(.data) for anglevaluesum
    delay.o(i.delay_init) refers to delay.o(.data) for g_fac_us
    delay.o(i.delay_ms) refers to delay.o(i.delay_us) for delay_us
    delay.o(i.delay_us) refers to delay.o(.data) for g_fac_us
    sys.o(i.sys_nvic_init) refers to sys.o(i.sys_nvic_priority_group_config) for sys_nvic_priority_group_config
    sys.o(i.sys_standby) refers to sys.o(i.sys_wfi_set) for sys_wfi_set
    sys.o(i.sys_stm32_clock_init) refers to sys.o(i.sys_clock_set) for sys_clock_set
    sys.o(i.sys_stm32_clock_init) refers to sys.o(i.sys_nvic_set_vector_table) for sys_nvic_set_vector_table
    usart.o(.rev16_text) refers (Special) to use_no_semi_2.o(.text) for __use_no_semihosting
    usart.o(.revsh_text) refers (Special) to use_no_semi_2.o(.text) for __use_no_semihosting
    usart.o(.rrx_text) refers (Special) to use_no_semi_2.o(.text) for __use_no_semihosting
    usart.o(i.USART1_IRQHandler) refers (Special) to use_no_semi_2.o(.text) for __use_no_semihosting
    usart.o(i.USART1_IRQHandler) refers to usart.o(.data) for g_usart_rx_sta
    usart.o(i.USART1_IRQHandler) refers to usart.o(.bss) for g_usart_rx_buf
    usart.o(i._sys_command_string) refers (Special) to use_no_semi_2.o(.text) for __use_no_semihosting
    usart.o(i._sys_exit) refers (Special) to use_no_semi_2.o(.text) for __use_no_semihosting
    usart.o(i._ttywrch) refers (Special) to use_no_semi_2.o(.text) for __use_no_semihosting
    usart.o(i.fputc) refers (Special) to use_no_semi_2.o(.text) for __use_no_semihosting
    usart.o(i.usart_init) refers (Special) to use_no_semi_2.o(.text) for __use_no_semihosting
    usart.o(i.usart_init) refers to sys.o(i.sys_gpio_set) for sys_gpio_set
    usart.o(i.usart_init) refers to sys.o(i.sys_gpio_af_set) for sys_gpio_af_set
    usart.o(i.usart_init) refers to sys.o(i.sys_nvic_init) for sys_nvic_init
    usart.o(.bss) refers (Special) to use_no_semi_2.o(.text) for __use_no_semihosting
    usart.o(.data) refers (Special) to use_no_semi_2.o(.text) for __use_no_semihosting
    atim.o(i.TIM8_UP_TIM13_IRQHandler) refers to foc.o(i.foc_main_spwm) for foc_main_spwm
[...]
    ../fplib/fretinf.s                       0x00000000   Number         0  fretinf.o ABSOLUTE
    ../fplib/istatus.s                       0x00000000   Number         0  istatus.o ABSOLUTE
    ../fplib/printf1.s                       0x00000000   Number         0  printf1.o ABSOLUTE
    ../fplib/retnan.s                        0x00000000   Number         0  retnan.o ABSOLUTE
    ../fplib/scalbn.s                        0x00000000   Number         0  scalbn.o ABSOLUTE
    ../fplib/trapv.s                         0x00000000   Number         0  trapv.o ABSOLUTE
    ../fplib/usenofp.s                       0x00000000   Number         0  usenofp.o ABSOLUTE
    ../mathlib/atan2f.c                      0x00000000   Number         0  atan2f.o ABSOLUTE
    ../mathlib/atan2f.c                      0x00000000   Number         0  atan2f_x.o ABSOLUTE
    ../mathlib/cos.c                         0x00000000   Number         0  cos_x.o ABSOLUTE
    ../mathlib/cos.c                         0x00000000   Number         0  cos.o ABSOLUTE
    ../mathlib/cos_i.c                       0x00000000   Number         0  cos_i.o ABSOLUTE
    ../mathlib/cosf.c                        0x00000000   Number         0  cosf_x.o ABSOLUTE
    ../mathlib/cosf.c                        0x00000000   Number         0  cosf.o ABSOLUTE
    ../mathlib/dunder.c                      0x00000000   Number         0  dunder.o ABSOLUTE
    ../mathlib/fabs.c                        0x00000000   Number         0  fabs.o ABSOLUTE
    ../mathlib/fmax.c                        0x00000000   Number         0  fmaxf.o ABSOLUTE
    ../mathlib/fmod.c                        0x00000000   Number         0  fmod_x.o ABSOLUTE
    ../mathlib/fmod.c                        0x00000000   Number         0  fmod.o ABSOLUTE
    ../mathlib/fpclassify.c                  0x00000000   Number         0  fpclassify.o ABSOLUTE
    ../mathlib/fpclassifyf.c                 0x00000000   Number         0  fpclassifyf.o ABSOLUTE
    ../mathlib/funder.c                      0x00000000   Number         0  funder.o ABSOLUTE
    ../mathlib/poly.c                        0x00000000   Number         0  poly.o ABSOLUTE
    ../mathlib/pow.c                         0x00000000   Number         0  pow.o ABSOLUTE
    ../mathlib/pow.c                         0x00000000   Number         0  pow_x.o ABSOLUTE
    ../mathlib/qnan.c                        0x00000000   Number         0  qnan.o ABSOLUTE
    ../mathlib/rred.c                        0x00000000   Number         0  rred.o ABSOLUTE
    ../mathlib/rredf.c                       0x00000000   Number         0  rredf.o ABSOLUTE
    ../mathlib/sin.c                         0x00000000   Number         0  sin.o ABSOLUTE
    ../mathlib/sin.c                         0x00000000   Number         0  sin_x.o ABSOLUTE
    ../mathlib/sin_i.c                       0x00000000   Number         0  sin_i_x.o ABSOLUTE
    ../mathlib/sin_i.c                       0x00000000   Number         0  sin_i.o ABSOLUTE
    ../mathlib/sinf.c                        0x00000000   Number         0  sinf_x.o ABSOLUTE
    ../mathlib/sinf.c                        0x00000000   Number         0  sinf.o ABSOLUTE
    ../mathlib/sqrt.c                        0x00000000   Number         0  sqrt_x.o ABSOLUTE
    ../mathlib/sqrt.c                        0x00000000   Number         0  sqrt.o ABSOLUTE
    ../mathlib/sqrtf.c                       0x00000000   Number         0  sqrtf_x.o ABSOLUTE
    ../mathlib/sqrtf.c                       0x00000000   Number         0  sqrtf.o ABSOLUTE
    ..\..\Drivers\CMSIS\Device\ST\STM32F4xx\Source\Templates\arm\startup_stm32f407xx.s 0x00000000   Number         0  startup_stm32f407xx.o ABSOLUTE
    ..\..\Drivers\SYSTEM\TIMER\atim.c        0x00000000   Number         0  atim.o ABSOLUTE
    ..\..\Drivers\SYSTEM\TIMER\gtim.c        0x00000000   Number         0  gtim.o ABSOLUTE
    ..\..\Drivers\SYSTEM\adc\adc.c           0x00000000   Number         0  adc.o ABSOLUTE
    ..\..\Drivers\SYSTEM\delay\delay.c       0x00000000   Number         0  delay.o ABSOLUTE
    ..\..\Drivers\SYSTEM\i2c\i2c.c           0x00000000   Number         0  i2c.o ABSOLUTE
    ..\..\Drivers\SYSTEM\lcd\lcd_drive.c     0x00000000   Number         0  lcd_drive.o ABSOLUTE
    ..\..\Drivers\SYSTEM\led\led.c           0x00000000   Number         0  led.o ABSOLUTE
    ..\..\Drivers\SYSTEM\motor\foc.c         0x00000000   Number         0  foc.o ABSOLUTE
    ..\..\Drivers\SYSTEM\motor\pid.c         0x00000000   Number         0  pid.o ABSOLUTE
    ..\..\Drivers\SYSTEM\spi\spi.c           0x00000000   Number         0  spi.o ABSOLUTE
    ..\..\Drivers\SYSTEM\sys\sys.c           0x00000000   Number         0  sys.o ABSOLUTE
    ..\..\Drivers\SYSTEM\usart\usart.c       0x00000000   Number         0  usart.o ABSOLUTE
    ..\..\User\main.c                        0x00000000   Number         0  main.o ABSOLUTE
    ..\\..\\Drivers\\SYSTEM\\TIMER\\atim.c   0x00000000   Number         0  atim.o ABSOLUTE
    ..\\..\\Drivers\\SYSTEM\\TIMER\\gtim.c   0x00000000   Number         0  gtim.o ABSOLUTE
    ..\\..\\Drivers\\SYSTEM\\adc\\adc.c      0x00000000   Number         0  adc.o ABSOLUTE
    ..\\..\\Drivers\\SYSTEM\\delay\\delay.c  0x00000000   Number         0  delay.o ABSOLUTE
    ..\\..\\Drivers\\SYSTEM\\i2c\\i2c.c      0x00000000   Number         0  i2c.o ABSOLUTE
    ..\\..\\Drivers\\SYSTEM\\lcd\\lcd_drive.c 0x00000000   Number         0  lcd_drive.o ABSOLUTE
    ..\\..\\Drivers\\SYSTEM\\led\\led.c      0x00000000   Number         0  led.o ABSOLUTE
    ..\\..\\Drivers\\SYSTEM\\motor\\foc.c    0x00000000   Number         0  foc.o ABSOLUTE
    ..\\..\\Drivers\\SYSTEM\\motor\\pid.c    0x00000000   Number         0  pid.o ABSOLUTE
    ..\\..\\Drivers\\SYSTEM\\spi\\spi.c      0x00000000   Number         0  spi.o ABSOLUTE
    ..\\..\\Drivers\\SYSTEM\\sys\\sys.c      0x00000000   Number         0  sys.o ABSOLUTE
    ..\\..\\Drivers\\SYSTEM\\usart\\usart.c  0x00000000   Number         0  usart.o ABSOLUTE
    ..\\..\\User\\main.c                     0x00000000   Number         0  main.o ABSOLUTE
    dc.s                                     0x00000000   Number         0  dc.o ABSOLUTE
    RESET                                    0x08000000   Section      392  startup_stm32f407xx.o(RESET)
    !!!main                                  0x08000188   Section        8  __main.o(!!!main)
    !!!scatter                               0x08000190   Section       52  __scatter.o(!!!scatter)
    !!handler_copy                           0x080001c4   Section       26  __scatter_copy.o(!!handler_copy)
    !!handler_zi                             0x080001e0   Section       28  __scatter_zi.o(!!handler_zi)
    .ARM.Collect$$_printf_percent$$00000000  0x080001fc   Section        0  _printf_percent.o(.ARM.Collect$$_printf_percent$$00000000)
    .ARM.Collect$$_printf_percent$$00000003  0x080001fc   Section        6  _printf_f.o(.ARM.Collect$$_printf_percent$$00000003)
    .ARM.Collect$$_printf_percent$$00000009  0x08000202   Section        6  _printf_d.o(.ARM.Collect$$_printf_percent$$00000009)
    .ARM.Collect$$_printf_percent$$00000017  0x08000208   Section        4  _printf_percent_end.o(.ARM.Collect$$_printf_percent$$00000017)
    .ARM.Collect$$libinit$$00000000          0x0800020c   Section        2  libinit.o(.ARM.Collect$$libinit$$00000000)
    .ARM.Collect$$libinit$$00000001          0x0800020e   Section        4  libinit2.o(.ARM.Collect$$libinit$$00000001)
    .ARM.Collect$$libinit$$00000004          0x08000212   Section        0  libinit2.o(.ARM.Collect$$libinit$$00000004)
    .ARM.Collect$$libinit$$0000000A          0x08000212   Section        0  libinit2.o(.ARM.Collect$$libinit$$0000000A)
    .ARM.Collect$$libinit$$0000000C          0x08000212   Section        0  libinit2.o(.ARM.Collect$$libinit$$0000000C)
    .ARM.Collect$$libinit$$0000000E          0x08000212   Section        0  libinit2.o(.ARM.Collect$$libinit$$0000000E)
    .ARM.Collect$$libinit$$0000000F          0x08000212   Section        6  libinit2.o(.ARM.Collect$$libinit$$0000000F)
    .ARM.Collect$$libinit$$00000011          0x08000218   Section        0  libinit2.o(.ARM.Collect$$libinit$$00000011)
    .ARM.Collect$$libinit$$00000013          0x08000218   Section        0  libinit2.o(.ARM.Collect$$libinit$$00000013)
    .ARM.Collect$$libinit$$00000015          0x08000218   Section        0  libinit2.o(.ARM.Collect$$libinit$$00000015)
    .ARM.Collect$$libinit$$00000016          0x08000218   Section       10  libinit2.o(.ARM.Collect$$libinit$$00000016)
    .ARM.Collect$$libinit$$00000017          0x08000222   Section        0  libinit2.o(.ARM.Collect$$libinit$$00000017)
    .ARM.Collect$$libinit$$00000019          0x08000222   Section        0  libinit2.o(.ARM.Collect$$libinit$$00000019)
    .ARM.Collect$$libinit$$0000001B          0x08000222   Section        0  libinit2.o(.ARM.Collect$$libinit$$0000001B)
    .ARM.Collect$$libinit$$0000001D          0x08000222   Section        0  libinit2.o(.ARM.Collect$$libinit$$0000001D)
    .ARM.Collect$$libinit$$0000001F          0x08000222   Section        0  libinit2.o(.ARM.Collect$$libinit$$0000001F)
    .ARM.Collect$$libinit$$00000021          0x08000222   Section        0  libinit2.o(.ARM.Collect$$libinit$$00000021)
    .ARM.Collect$$libinit$$00000023          0x08000222   Section        0  libinit2.o(.ARM.Collect$$libinit$$00000023)
    .ARM.Collect$$libinit$$00000025          0x08000222   Section        0  libinit2.o(.ARM.Collect$$libinit$$00000025)
    .ARM.Collect$$libinit$$0000002C          0x08000222   Section        0  libinit2.o(.ARM.Collect$$libinit$$0000002C)
    .ARM.Collect$$libinit$$0000002E          0x08000222   Section        0  libinit2.o(.ARM.Collect$$libinit$$0000002E)
    .ARM.Collect$$libinit$$00000030          0x08000222   Section        0  libinit2.o(.ARM.Collect$$libinit$$00000030)
    .ARM.Collect$$libinit$$00000032          0x08000222   Section        0  libinit2.o(.ARM.Collect$$libinit$$00000032)
    .ARM.Collect$$libinit$$00000033          0x08000222   Section        2  libinit2.o(.ARM.Collect$$libinit$$00000033)
    .ARM.Collect$$libshutdown$$00000000      0x08000224   Section        2  libshutdown.o(.ARM.Collect$$libshutdown$$00000000)
    .ARM.Collect$$libshutdown$$00000002      0x08000226   Section        0  libshutdown2.o(.ARM.Collect$$libshutdown$$00000002)
    .ARM.Collect$$libshutdown$$00000004      0x08000226   Section        0  libshutdown2.o(.ARM.Collect$$libshutdown$$00000004)
    .ARM.Collect$$libshutdown$$00000006      0x08000226   Section        0  libshutdown2.o(.ARM.Collect$$libshutdown$$00000006)
    .ARM.Collect$$libshutdown$$00000009      0x08000226   Section        0  libshutdown2.o(.ARM.Collect$$libshutdown$$00000009)
    .ARM.Collect$$libshutdown$$0000000C      0x08000226   Section        0  libshutdown2.o(.ARM.Collect$$libshutdown$$0000000C)
    .ARM.Collect$$libshutdown$$0000000E      0x08000226   Section        0  libshutdown2.o(.ARM.Collect$$libshutdown$$0000000E)
    .ARM.Collect$$libshutdown$$00000011      0x08000226   Section        0  libshutdown2.o(.ARM.Collect$$libshutdown$$00000011)
    .ARM.Collect$$libshutdown$$00000012      0x08000226   Section        2  libshutdown2.o(.ARM.Collect$$libshutdown$$00000012)
    .ARM.Collect$$rtentry$$00000000          0x08000228   Section        0  __rtentry.o(.ARM.Collect$$rtentry$$00000000)
    .ARM.Collect$$rtentry$$00000002          0x08000228   Section        0  __rtentry2.o(.ARM.Collect$$rtentry$$00000002)
    .ARM.Collect$$rtentry$$00000004          0x08000228   Section        6  __rtentry4.o(.ARM.Collect$$rtentry$$00000004)
    .ARM.Collect$$rtentry$$00000009          0x0800022e   Section        0  __rtentry2.o(.ARM.Collect$$rtentry$$00000009)
    .ARM.Collect$$rtentry$$0000000A          0x0800022e   Section        4  __rtentry2.o(.ARM.Collect$$rtentry$$0000000A)
    .ARM.Collect$$rtentry$$0000000C          0x08000232   Section        0  __rtentry2.o(.ARM.Collect$$rtentry$$0000000C)
    .ARM.Collect$$rtentry$$0000000D          0x08000232   Section        8  __rtentry2.o(.ARM.Collect$$rtentry$$0000000D)
    .ARM.Collect$$rtexit$$00000000           0x0800023a   Section        2  rtexit.o(.ARM.Collect$$rtexit$$00000000)
    .ARM.Collect$$rtexit$$00000002           0x0800023c   Section        0  rtexit2.o(.ARM.Collect$$rtexit$$00000002)
    .ARM.Collect$$rtexit$$00000003           0x0800023c   Section        4  rtexit2.o(.ARM.Collect$$rtexit$$00000003)
    .ARM.Collect$$rtexit$$00000004           0x08000240   Section        6  rtexit2.o(.ARM.Collect$$rtexit$$00000004)
    .text                                    0x08000248   Section       68  startup_stm32f407xx.o(.text)
    $v0                                      0x08000248   Number         0  startup_stm32f407xx.o(.text)
    .text                                    0x0800028c   Section        2  use_no_semi_2.o(.text)
    .text                                    0x08000290   Section        0  noretval__2printf.o(.text)
    .text                                    0x080002a8   Section        0  _printf_dec.o(.text)
    .text                                    0x08000320   Section        0  __printf_wp.o(.text)
    .text                                    0x0800042e   Section        0  heapauxi.o(.text)
    .text                                    0x08000434   Section        2  use_no_semi.o(.text)
    .text                                    0x08000436   Section        0  _rserrno.o(.text)
    .text                                    0x0800044c   Section        0  _printf_intcommon.o(.text)
    .text                                    0x080004fe   Section        0  _printf_fp_dec.o(.text)
    _fp_digits                               0x08000501   Thumb Code   432  _printf_fp_dec.o(.text)
    .text                                    0x0800091c   Section        0  _printf_char_file.o(.text)
    .text                                    0x08000940   Section        8  rt_locale_intlibspace.o(.text)
    .text                                    0x08000948   Section        8  rt_errno_addr_intlibspace.o(.text)
    .text                                    0x08000950   Section      138  lludiv10.o(.text)
    .text                                    0x080009dc   Section        0  _printf_char_common.o(.text)
    _printf_input_char                       0x080009dd   Thumb Code    10  _printf_char_common.o(.text)
    .text                                    0x08000a0c   Section        0  _printf_fp_infnan.o(.text)
    .text                                    0x08000a8c   Section        0  bigflt0.o(.text)
    .text                                    0x08000b70   Section        0  ferror.o(.text)
    .text                                    0x08000b78   Section        8  libspace.o(.text)
    .text                                    0x08000b80   Section       74  sys_stackheap_outer.o(.text)
    .text                                    0x08000bca   Section        0  exit.o(.text)
    .text                                    0x08000bdc   Section      128  strcmpv7m.o(.text)
    CL$$btod_d2e                             0x08000c5c   Section       62  btod.o(CL$$btod_d2e)
    CL$$btod_d2e_denorm_low                  0x08000c9a   Section       70  btod.o(CL$$btod_d2e_denorm_low)
    CL$$btod_d2e_norm_op1                    0x08000ce0   Section       96  btod.o(CL$$btod_d2e_norm_op1)
    CL$$btod_div_common                      0x08000d40   Section      824  btod.o(CL$$btod_div_common)
    CL$$btod_e2e                             0x08001078   Section      220  btod.o(CL$$btod_e2e)
    CL$$btod_ediv                            0x08001154   Section       42  btod.o(CL$$btod_ediv)
    CL$$btod_emul                            0x0800117e   Section       42  btod.o(CL$$btod_emul)
    CL$$btod_mult_common                     0x080011a8   Section      580  btod.o(CL$$btod_mult_common)
    i.AS5600_Init                            0x080013ec   Section        0  i2c.o(i.AS5600_Init)
    i.AS5600_ReadRawAngle                    0x08001484   Section        0  i2c.o(i.AS5600_ReadRawAngle)
    i.DMA2_Stream0_IRQHandler                0x080014cc   Section        0  adc.o(i.DMA2_Stream0_IRQHandler)
    i.I2C2_Read_ACK                          0x0800150c   Section        0  i2c.o(i.I2C2_Read_ACK)
    i.I2C2_Read_NACK                         0x0800153c   Section        0  i2c.o(i.I2C2_Read_NACK)
    i.I2C2_Start                             0x08001578   Section        0  i2c.o(i.I2C2_Start)
    i.I2C2_Stop                              0x080015e0   Section        0  i2c.o(i.I2C2_Stop)
    i.I2C2_WaitFlag                          0x080015fc   Section        0  i2c.o(i.I2C2_WaitFlag)
    I2C2_WaitFlag                            0x080015fd   Thumb Code    52  i2c.o(i.I2C2_WaitFlag)
    i.I2C2_Write                             0x08001630   Section        0  i2c.o(i.I2C2_Write)
    i.Motorstatuswsitch                      0x08001660   Section        0  main.o(i.Motorstatuswsitch)
    i.SPI2_GPIO_MasterInit                   0x08001694   Section        0  spi.o(i.SPI2_GPIO_MasterInit)
    i.SPI2_MasterInit                        0x080017a8   Section        0  spi.o(i.SPI2_MasterInit)
    i.TIM3_IRQHandler                        0x080017f8   Section        0  gtim.o(i.TIM3_IRQHandler)
    i.TIM8_UP_TIM13_IRQHandler               0x08001820   Section        0  atim.o(i.TIM8_UP_TIM13_IRQHandler)
    i.USART1_IRQHandler                      0x08001850   Section        0  usart.o(i.USART1_IRQHandler)
    i.__ARM_fpclassify                       0x080018d0   Section        0  fpclassify.o(i.__ARM_fpclassify)
    i.__hardfp_cos                           0x08001900   Section        0  cos.o(i.__hardfp_cos)
    i.__hardfp_fmod                          0x080019c8   Section        0  fmod.o(i.__hardfp_fmod)
    i.__hardfp_sin                           0x08001ad0   Section        0  sin.o(i.__hardfp_sin)
    i.__ieee754_rem_pio2                     0x08001b98   Section        0  rred.o(i.__ieee754_rem_pio2)
    i.__kernel_cos                           0x08001fd0   Section        0  cos_i.o(i.__kernel_cos)
    i.__kernel_poly                          0x08002140   Section        0  poly.o(i.__kernel_poly)
    i.__kernel_sin                           0x08002238   Section        0  sin_i.o(i.__kernel_sin)
    i.__mathlib_dbl_infnan                   0x08002368   Section        0  dunder.o(i.__mathlib_dbl_infnan)
    i.__mathlib_dbl_invalid                  0x08002380   Section        0  dunder.o(i.__mathlib_dbl_invalid)
    i.__mathlib_dbl_underflow                0x080023a0   Section        0  dunder.o(i.__mathlib_dbl_underflow)
    i._is_digit                              0x080023c0   Section        0  __printf_wp.o(i._is_digit)
    i._normalizeAngle                        0x080023d0   Section        0  foc.o(i._normalizeAngle)
    i._sys_exit                              0x08002434   Section        0  usart.o(i._sys_exit)
    i.adc_init                               0x08002438   Section        0  adc.o(i.adc_init)
    i.atim_timx_cplm_pwm_init                0x080024ec   Section        0  atim.o(i.atim_timx_cplm_pwm_init)
    i.atim_timx_cplm_pwm_set                 0x080027f8   Section        0  atim.o(i.atim_timx_cplm_pwm_set)
    i.calibrate_current_offset               0x08002848   Section        0  adc.o(i.calibrate_current_offset)
    i.delay_init                             0x0800297c   Section        0  delay.o(i.delay_init)
    i.delay_ms                               0x080029a8   Section        0  delay.o(i.delay_ms)
    i.delay_us                               0x080029bc   Section        0  delay.o(i.delay_us)
    i.dma_init                               0x08002a04   Section        0  adc.o(i.dma_init)
    i.fabs                                   0x08002ae8   Section        0  fabs.o(i.fabs)
    i.foc_init                               0x08002b00   Section        0  foc.o(i.foc_init)
    i.foc_main_spwm                          0x08002be0   Section        0  foc.o(i.foc_main_spwm)
    i.fputc                                  0x08002c80   Section        0  usart.o(i.fputc)
    i.get_phase_current                      0x08002c9c   Section        0  adc.o(i.get_phase_current)
    i.get_phase_current_raw                  0x08002cc0   Section        0  adc.o(i.get_phase_current_raw)
    i.get_three_phase_currents               0x08002d18   Section        0  adc.o(i.get_three_phase_currents)
    i.gtim_timx_int_init                     0x08002d64   Section        0  gtim.o(i.gtim_timx_int_init)
    i.init_moving_means                      0x08002db8   Section        0  pid.o(i.init_moving_means)
    i.inverse_clarke_transform               0x08002dec   Section        0  foc.o(i.inverse_clarke_transform)
    i.inverse_park_transform                 0x08002ed0   Section        0  foc.o(i.inverse_park_transform)
    i.led_init                               0x08002f5c   Section        0  led.o(i.led_init)
    i.main                                   0x08002fc0   Section        0  main.o(i.main)
    i.phasesetpwm                            0x0800310c   Section        0  foc.o(i.phasesetpwm)
    i.speed_rampup                           0x08003288   Section        0  foc.o(i.speed_rampup)
    i.sys_clock_set                          0x080032ec   Section        0  sys.o(i.sys_clock_set)
    i.sys_gpio_af_set                        0x08003478   Section        0  sys.o(i.sys_gpio_af_set)
    i.sys_gpio_pin_set                       0x080034e0   Section        0  sys.o(i.sys_gpio_pin_set)
    i.sys_gpio_set                           0x080034f8   Section        0  sys.o(i.sys_gpio_set)
    i.sys_nvic_init                          0x080035d8   Section        0  sys.o(i.sys_nvic_init)
    i.sys_nvic_priority_group_config         0x08003650   Section        0  sys.o(i.sys_nvic_priority_group_config)
    sys_nvic_priority_group_config           0x08003651   Thumb Code    32  sys.o(i.sys_nvic_priority_group_config)
    i.sys_nvic_set_vector_table              0x08003678   Section        0  sys.o(i.sys_nvic_set_vector_table)
    i.sys_stm32_clock_init                   0x08003688   Section        0  sys.o(i.sys_stm32_clock_init)
    i.usart_init                             0x080036c8   Section        0  usart.o(i.usart_init)
    locale$$code                             0x080037a8   Section       44  lc_numeric_c.o(locale$$code)
    x$fpl$basic                              0x080037d4   Section       24  basic.o(x$fpl$basic)
    $v0                                      0x080037d4   Number         0  basic.o(x$fpl$basic)
    x$fpl$d2f                                0x080037ec   Section       98  d2f.o(x$fpl$d2f)
    $v0                                      0x080037ec   Number         0  d2f.o(x$fpl$d2f)
    x$fpl$dadd                               0x08003850   Section      336  daddsub_clz.o(x$fpl$dadd)
    $v0                                      0x08003850   Number         0  daddsub_clz.o(x$fpl$dadd)
    _dadd1                                   0x08003861   Thumb Code     0  daddsub_clz.o(x$fpl$dadd)
    x$fpl$ddiv                               0x080039a0   Section      688  ddiv.o(x$fpl$ddiv)
    $v0                                      0x080039a0   Number         0  ddiv.o(x$fpl$ddiv)
    ddiv_entry                               0x080039a7   Thumb Code     0  ddiv.o(x$fpl$ddiv)
    x$fpl$dfix                               0x08003c50   Section       94  dfix.o(x$fpl$dfix)
    $v0                                      0x08003c50   Number         0  dfix.o(x$fpl$dfix)
    x$fpl$dflt                               0x08003cae   Section       46  dflt_clz.o(x$fpl$dflt)
    $v0                                      0x08003cae   Number         0  dflt_clz.o(x$fpl$dflt)
    x$fpl$dfltu                              0x08003cdc   Section       38  dflt_clz.o(x$fpl$dfltu)
    $v0                                      0x08003cdc   Number         0  dflt_clz.o(x$fpl$dfltu)
    x$fpl$dmul                               0x08003d04   Section      340  dmul.o(x$fpl$dmul)
    $v0                                      0x08003d04   Number         0  dmul.o(x$fpl$dmul)
    x$fpl$dnaninf                            0x08003e58   Section      156  dnaninf.o(x$fpl$dnaninf)
    $v0                                      0x08003e58   Number         0  dnaninf.o(x$fpl$dnaninf)
    x$fpl$drem                               0x08003ef4   Section      336  drem_clz.o(x$fpl$drem)
    $v0                                      0x08003ef4   Number         0  drem_clz.o(x$fpl$drem)
    x$fpl$dretinf                            0x08004044   Section       12  dretinf.o(x$fpl$dretinf)
    $v0                                      0x08004044   Number         0  dretinf.o(x$fpl$dretinf)
    x$fpl$drsb                               0x08004050   Section       22  daddsub_clz.o(x$fpl$drsb)
    $v0                                      0x08004050   Number         0  daddsub_clz.o(x$fpl$drsb)
    x$fpl$dsub                               0x08004068   Section      468  daddsub_clz.o(x$fpl$dsub)
    $v0                                      0x08004068   Number         0  daddsub_clz.o(x$fpl$dsub)
    _dsub1                                   0x08004079   Thumb Code     0  daddsub_clz.o(x$fpl$dsub)
    x$fpl$f2d                                0x0800423c   Section       86  f2d.o(x$fpl$f2d)
    $v0                                      0x0800423c   Number         0  f2d.o(x$fpl$f2d)
    x$fpl$fnaninf                            0x08004292   Section      140  fnaninf.o(x$fpl$fnaninf)
    $v0                                      0x08004292   Number         0  fnaninf.o(x$fpl$fnaninf)
    x$fpl$fpinit                             0x0800431e   Section       10  fpinit.o(x$fpl$fpinit)
    $v0                                      0x0800431e   Number         0  fpinit.o(x$fpl$fpinit)
    x$fpl$fretinf                            0x08004328   Section       10  fretinf.o(x$fpl$fretinf)
    $v0                                      0x08004328   Number         0  fretinf.o(x$fpl$fretinf)
    x$fpl$printf1                            0x08004332   Section        4  printf1.o(x$fpl$printf1)
    $v0                                      0x08004332   Number         0  printf1.o(x$fpl$printf1)
    x$fpl$usenofp                            0x08004336   Section        0  usenofp.o(x$fpl$usenofp)
    .constdata                               0x08004338   Section       48  cos_i.o(.constdata)
    C                                        0x08004338   Data          48  cos_i.o(.constdata)
    .constdata                               0x08004368   Section      200  rred.o(.constdata)
    pio2s                                    0x08004368   Data          48  rred.o(.constdata)
    twooverpi                                0x08004398   Data         152  rred.o(.constdata)
    .constdata                               0x08004430   Section       40  sin_i.o(.constdata)
    S                                        0x08004430   Data          40  sin_i.o(.constdata)
    .constdata                               0x08004458   Section      148  bigflt0.o(.constdata)
    tenpwrs_x                                0x08004458   Data          60  bigflt0.o(.constdata)
    tenpwrs_i                                0x08004494   Data          64  bigflt0.o(.constdata)
    locale$$data                             0x0800450c   Section       28  lc_numeric_c.o(locale$$data)
    __lcnum_c_name                           0x08004510   Data           2  lc_numeric_c.o(locale$$data)
    __lcnum_c_start                          0x08004518   Data           0  lc_numeric_c.o(locale$$data)
    __lcnum_c_point                          0x08004524   Data           0  lc_numeric_c.o(locale$$data)
    __lcnum_c_thousands                      0x08004526   Data           0  lc_numeric_c.o(locale$$data)
    __lcnum_c_grouping                       0x08004527   Data           0  lc_numeric_c.o(locale$$data)
    __lcnum_c_end                            0x08004528   Data           0  lc_numeric_c.o(locale$$data)
    .data                                    0x20000000   Section        1  main.o(.data)
    value                                    0x20000000   Data           1  main.o(.data)
    .data                                    0x20000004   Section        4  delay.o(.data)
    g_fac_us                                 0x20000004   Data           4  delay.o(.data)
    .data                                    0x20000008   Section        6  usart.o(.data)
    .data                                    0x2000000e   Section        8  gtim.o(.data)
    .data                                    0x20000018   Section       24  adc.o(.data)
    overcurrent_flag                         0x20000020   Data           1  adc.o(.data)
    ia_filtered                              0x20000024   Data           4  adc.o(.data)
    ib_filtered                              0x20000028   Data           4  adc.o(.data)
    ic_filtered                              0x2000002c   Data           4  adc.o(.data)
    .data                                    0x20000030   Section        2  foc.o(.data)
    .data                                    0x20000034   Section       44  pid.o(.data)
    .bss                                     0x20000060   Section      200  usart.o(.bss)
    .bss                                     0x20000128   Section      612  adc.o(.bss)
    .bss                                     0x2000038c   Section      176  foc.o(.bss)
    .bss                                     0x2000043c   Section       64  pid.o(.bss)
    .bss                                     0x2000047c   Section       96  libspace.o(.bss)
    HEAP                                     0x200004e0   Section        0  startup_stm32f407xx.o(HEAP)
    STACK                                    0x200004e0   Section     1024  startup_stm32f407xx.o(STACK)
    Heap_Mem                                 0x200004e0   Data           0  startup_stm32f407xx.o(HEAP)
    Stack_Mem                                0x200004e0   Data        1024  startup_stm32f407xx.o(STACK)
    __initial_sp                             0x200008e0   Data           0  startup_stm32f407xx.o(STACK)

    Global Symbols

    Symbol Name                              Value     Ov Type        Size  Object(Section)

    BuildAttributes$$THM_ISAv4$E$P$D$K$B$S$7EM$VFPi3$EXTD16$VFPS$VFMA$PE$A:L22UL41UL21$X:L11$S22US41US21$IEEE1$IW$USESV6$~STKCKD$USESV7$~SHL$OTIME$ROPI$IEEEX$EBA8$UX$STANDARDLIB$REQ8$PRES8$EABIv2 0x00000000   Number         0  anon$$obj.o ABSOLUTE
    __ARM_use_no_argv                        0x00000000   Number         0  main.o ABSOLUTE
    _printf_flags                            0x00000000   Number         0  printf_stubs.o ABSOLUTE
    _printf_return_value                     0x00000000   Number         0  printf_stubs.o ABSOLUTE
    _printf_sizespec                         0x00000000   Number         0  printf_stubs.o ABSOLUTE
    _printf_widthprec                        0x00000000   Number         0  printf_stubs.o ABSOLUTE
    __ARM_exceptions_init                     - Undefined Weak Reference
    __alloca_initialize                       - Undefined Weak Reference
    __arm_fini_                               - Undefined Weak Reference
    __arm_preinit_                            - Undefined Weak Reference
    __cpp_initialize__aeabi_                  - Undefined Weak Reference
    __cxa_finalize                            - Undefined Weak Reference
    __sigvec_lookup                           - Undefined Weak Reference
    _atexit_init                              - Undefined Weak Reference
    _call_atexit_fns                          - Undefined Weak Reference
    _clock_init                               - Undefined Weak Reference
    _fp_trap_init                             - Undefined Weak Reference
    _fp_trap_shutdown                         - Undefined Weak Reference
    _get_lc_collate                           - Undefined Weak Reference
    _get_lc_ctype                             - Undefined Weak Reference
    _get_lc_monetary                          - Undefined Weak Reference
    _get_lc_time                              - Undefined Weak Reference
    _getenv_init                              - Undefined Weak Reference
    _handle_redirection                       - Undefined Weak Reference
    _init_alloc                               - Undefined Weak Reference
    _init_user_alloc                          - Undefined Weak Reference
    _initio                                   - Undefined Weak Reference
    _mutex_acquire                            - Undefined Weak Reference
    _mutex_release                            - Undefined Weak Reference
    _printf_post_padding                      - Undefined Weak Reference
    _printf_pre_padding                       - Undefined Weak Reference
    _printf_truncate_signed                   - Undefined Weak Reference
    _printf_truncate_unsigned                 - Undefined Weak Reference
    _rand_init                                - Undefined Weak Reference
    _signal_finish                            - Undefined Weak Reference
    _signal_init                              - Undefined Weak Reference
    _terminate_alloc                          - Undefined Weak Reference
    _terminate_user_alloc                     - Undefined Weak Reference
    _terminateio                              - Undefined Weak Reference
    __Vectors_Size                           0x00000188   Number         0  startup_stm32f407xx.o ABSOLUTE
    __Vectors                                0x08000000   Data           4  startup_stm32f407xx.o(RESET)
    __Vectors_End                            0x08000188   Data           0  startup_stm32f407xx.o(RESET)
    __main                                   0x08000189   Thumb Code     8  __main.o(!!!main)
    __scatterload                            0x08000191   Thumb Code     0  __scatter.o(!!!scatter)
    __scatterload_rt2                        0x08000191   Thumb Code    44  __scatter.o(!!!scatter)
    __scatterload_rt2_thumb_only             0x08000191   Thumb Code     0  __scatter.o(!!!scatter)
    __scatterload_null                       0x0800019f   Thumb Code     0  __scatter.o(!!!scatter)
    __scatterload_copy                       0x080001c5   Thumb Code    26  __scatter_copy.o(!!handler_copy)
    __scatterload_zeroinit                   0x080001e1   Thumb Code    28  __scatter_zi.o(!!handler_zi)
    _printf_f                                0x080001fd   Thumb Code     0  _printf_f.o(.ARM.Collect$$_printf_percent$$00000003)
    _printf_percent                          0x080001fd   Thumb Code     0  _printf_percent.o(.ARM.Collect$$_printf_percent$$00000000)
    _printf_d                                0x08000203   Thumb Code     0  _printf_d.o(.ARM.Collect$$_printf_percent$$00000009)
    _printf_percent_end                      0x08000209   Thumb Code     0  _printf_percent_end.o(.ARM.Collect$$_printf_percent$$00000017)
    __rt_lib_init                            0x0800020d   Thumb Code     0  libinit.o(.ARM.Collect$$libinit$$00000000)
    __rt_lib_init_fp_1                       0x0800020f   Thumb Code     0  libinit2.o(.ARM.Collect$$libinit$$00000001)
    __rt_lib_init_heap_1                     0x08000213   Thumb Code     0  libinit2.o(.ARM.Collect$$libinit$$0000000A)
    __rt_lib_init_lc_common                  0x08000213   Thumb Code     0  libinit2.o(.ARM.Collect$$libinit$$0000000F)
    __rt_lib_init_preinit_1                  0x08000213   Thumb Code     0  libinit2.o(.ARM.Collect$$libinit$$00000004)
    __rt_lib_init_rand_1                     0x08000213   Thumb Code     0  libinit2.o(.ARM.Collect$$libinit$$0000000E)
    __rt_lib_init_user_alloc_1               0x08000213   Thumb Code     0  libinit2.o(.ARM.Collect$$libinit$$0000000C)
    __rt_lib_init_lc_collate_1               0x08000219   Thumb Code     0  libinit2.o(.ARM.Collect$$libinit$$00000011)
    __rt_lib_init_lc_ctype_1                 0x08000219   Thumb Code     0  libinit2.o(.ARM.Collect$$libinit$$00000013)
    __rt_lib_init_lc_monetary_1              0x08000219   Thumb Code     0  libinit2.o(.ARM.Collect$$libinit$$00000015)
    __rt_lib_init_lc_numeric_2               0x08000219   Thumb Code     0  libinit2.o(.ARM.Collect$$libinit$$00000016)
    __rt_lib_init_alloca_1                   0x08000223   Thumb Code     0  libinit2.o(.ARM.Collect$$libinit$$0000002E)
    __rt_lib_init_argv_1                     0x08000223   Thumb Code     0  libinit2.o(.ARM.Collect$$libinit$$0000002C)
    __rt_lib_init_atexit_1                   0x08000223   Thumb Code     0  libinit2.o(.ARM.Collect$$libinit$$0000001B)
    __rt_lib_init_clock_1                    0x08000223   Thumb Code     0  libinit2.o(.ARM.Collect$$libinit$$00000021)
    __rt_lib_init_cpp_1                      0x08000223   Thumb Code     0  libinit2.o(.ARM.Collect$$libinit$$00000032)
    __rt_lib_init_exceptions_1               0x08000223   Thumb Code     0  libinit2.o(.ARM.Collect$$libinit$$00000030)
    __rt_lib_init_fp_trap_1                  0x08000223   Thumb Code     0  libinit2.o(.ARM.Collect$$libinit$$0000001F)
    __rt_lib_init_getenv_1                   0x08000223   Thumb Code     0  libinit2.o(.ARM.Collect$$libinit$$00000023)
    __rt_lib_init_lc_numeric_1               0x08000223   Thumb Code     0  libinit2.o(.ARM.Collect$$libinit$$00000017)
    __rt_lib_init_lc_time_1                  0x08000223   Thumb Code     0  libinit2.o(.ARM.Collect$$libinit$$00000019)
    __rt_lib_init_return                     0x08000223   Thumb Code     0  libinit2.o(.ARM.Collect$$libinit$$00000033)
    __rt_lib_init_signal_1                   0x08000223   Thumb Code     0  libinit2.o(.ARM.Collect$$libinit$$0000001D)
    __rt_lib_init_stdio_1                    0x08000223   Thumb Code     0  libinit2.o(.ARM.Collect$$libinit$$00000025)
    __rt_lib_shutdown                        0x08000225   Thumb Code     0  libshutdown.o(.ARM.Collect$$libshutdown$$00000000)
    __rt_lib_shutdown_cpp_1                  0x08000227   Thumb Code     0  libshutdown2.o(.ARM.Collect$$libshutdown$$00000004)
    __rt_lib_shutdown_fini_1                 0x08000227   Thumb Code     0  libshutdown2.o(.ARM.Collect$$libshutdown$$00000002)
    __rt_lib_shutdown_fp_trap_1              0x08000227   Thumb Code     0  libshutdown2.o(.ARM.Collect$$libshutdown$$00000009)
    __rt_lib_shutdown_heap_1                 0x08000227   Thumb Code     0  libshutdown2.o(.ARM.Collect$$libshutdown$$00000011)
    __rt_lib_shutdown_return                 0x08000227   Thumb Code     0  libshutdown2.o(.ARM.Collect$$libshutdown$$00000012)
    __rt_lib_shutdown_signal_1               0x08000227   Thumb Code     0  libshutdown2.o(.ARM.Collect$$libshutdown$$0000000C)
    __rt_lib_shutdown_stdio_1                0x08000227   Thumb Code     0  libshutdown2.o(.ARM.Collect$$libshutdown$$00000006)
    __rt_lib_shutdown_user_alloc_1           0x08000227   Thumb Code     0  libshutdown2.o(.ARM.Collect$$libshutdown$$0000000E)
    __rt_entry                               0x08000229   Thumb Code     0  __rtentry.o(.ARM.Collect$$rtentry$$00000000)
    __rt_entry_presh_1                       0x08000229   Thumb Code     0  __rtentry2.o(.ARM.Collect$$rtentry$$00000002)
    __rt_entry_sh                            0x08000229   Thumb Code     0  __rtentry4.o(.ARM.Collect$$rtentry$$00000004)
    __rt_entry_li                            0x0800022f   Thumb Code     0  __rtentry2.o(.ARM.Collect$$rtentry$$0000000A)
    __rt_entry_postsh_1                      0x0800022f   Thumb Code     0  __rtentry2.o(.ARM.Collect$$rtentry$$00000009)
    __rt_entry_main                          0x08000233   Thumb Code     0  __rtentry2.o(.ARM.Collect$$rtentry$$0000000D)
    __rt_entry_postli_1                      0x08000233   Thumb Code     0  __rtentry2.o(.ARM.Collect$$rtentry$$0000000C)
    __rt_exit                                0x0800023b   Thumb Code     0  rtexit.o(.ARM.Collect$$rtexit$$00000000)
    __rt_exit_ls                             0x0800023d   Thumb Code     0  rtexit2.o(.ARM.Collect$$rtexit$$00000003)
    __rt_exit_prels_1                        0x0800023d   Thumb Code     0  rtexit2.o(.ARM.Collect$$rtexit$$00000002)
    __rt_exit_exit                           0x08000241   Thumb Code     0  rtexit2.o(.ARM.Collect$$rtexit$$00000004)
    Reset_Handler                            0x08000249   Thumb Code    14  startup_stm32f407xx.o(.text)
    NMI_Handler                              0x08000257   Thumb Code     2  startup_stm32f407xx.o(.text)
    HardFault_Handler                        0x08000259   Thumb Code     2  startup_stm32f407xx.o(.text)
    MemManage_Handler                        0x0800025b   Thumb Code     2  startup_stm32f407xx.o(.text)
    BusFault_Handler                         0x0800025d   Thumb Code     2  startup_stm32f407xx.o(.text)
    UsageFault_Handler                       0x0800025f   Thumb Code     2  startup_stm32f407xx.o(.text)
    SVC_Handler                              0x08000261   Thumb Code     2  startup_stm32f407xx.o(.text)
    DebugMon_Handler                         0x08000263   Thumb Code     2  startup_stm32f407xx.o(.text)
    PendSV_Handler                           0x08000265   Thumb Code     2  startup_stm32f407xx.o(.text)
    SysTick_Handler                          0x08000267   Thumb Code     2  startup_stm32f407xx.o(.text)
    ADC_IRQHandler                           0x08000269   Thumb Code     0  startup_stm32f407xx.o(.text)
    CAN1_RX0_IRQHandler                      0x08000269   Thumb Code     0  startup_stm32f407xx.o(.text)
    CAN1_RX1_IRQHandler                      0x08000269   Thumb Code     0  startup_stm32f407xx.o(.text)
    CAN1_SCE_IRQHandler                      0x08000269   Thumb Code     0  startup_stm32f407xx.o(.text)
    CAN1_TX_IRQHandler                       0x08000269   Thumb Code     0  startup_stm32f407xx.o(.text)
    CAN2_RX0_IRQHandler                      0x08000269   Thumb Code     0  startup_stm32f407xx.o(.text)
    CAN2_RX1_IRQHandler                      0x08000269   Thumb Code     0  startup_stm32f407xx.o(.text)
    CAN2_SCE_IRQHandler                      0x08000269   Thumb Code     0  startup_stm32f407xx.o(.text)
    CAN2_TX_IRQHandler                       0x08000269   Thumb Code     0  startup_stm32f407xx.o(.text)
    DCMI_IRQHandler                          0x08000269   Thumb Code     0  startup_stm32f407xx.o(.text)
    DMA1_Stream0_IRQHandler                  0x08000269   Thumb Code     0  startup_stm32f407xx.o(.text)
    DMA1_Stream1_IRQHandler                  0x08000269   Thumb Code     0  startup_stm32f407xx.o(.text)
    DMA1_Stream2_IRQHandler                  0x08000269   Thumb Code     0  startup_stm32f407xx.o(.text)
    DMA1_Stream3_IRQHandler                  0x08000269   Thumb Code     0  startup_stm32f407xx.o(.text)
    DMA1_Stream4_IRQHandler                  0x08000269   Thumb Code     0  startup_stm32f407xx.o(.text)
    DMA1_Stream5_IRQHandler                  0x08000269   Thumb Code     0  startup_stm32f407xx.o(.text)
    DMA1_Stream6_IRQHandler                  0x08000269   Thumb Code     0  startup_stm32f407xx.o(.text)
    DMA1_Stream7_IRQHandler                  0x08000269   Thumb Code     0  startup_stm32f407xx.o(.text)
    DMA2_Stream1_IRQHandler                  0x08000269   Thumb Code     0  startup_stm32f407xx.o(.text)
    DMA2_Stream2_IRQHandler                  0x08000269   Thumb Code     0  startup_stm32f407xx.o(.text)
    DMA2_Stream3_IRQHandler                  0x08000269   Thumb Code     0  startup_stm32f407xx.o(.text)
    DMA2_Stream4_IRQHandler                  0x08000269   Thumb Code     0  startup_stm32f407xx.o(.text)
    DMA2_Stream5_IRQHandler                  0x08000269   Thumb Code     0  startup_stm32f407xx.o(.text)
    DMA2_Stream6_IRQHandler                  0x08000269   Thumb Code     0  startup_stm32f407xx.o(.text)
    DMA2_Stream7_IRQHandler                  0x08000269   Thumb Code     0  startup_stm32f407xx.o(.text)
    ETH_IRQHandler                           0x08000269   Thumb Code     0  startup_stm32f407xx.o(.text)
    ETH_WKUP_IRQHandler                      0x08000269   Thumb Code     0  startup_stm32f407xx.o(.text)
    EXTI0_IRQHandler                         0x08000269   Thumb Code     0  startup_stm32f407xx.o(.text)
    EXTI15_10_IRQHandler                     0x08000269   Thumb Code     0  startup_stm32f407xx.o(.text)
    EXTI1_IRQHandler                         0x08000269   Thumb Code     0  startup_stm32f407xx.o(.text)
    EXTI2_IRQHandler                         0x08000269   Thumb Code     0  startup_stm32f407xx.o(.text)
    EXTI3_IRQHandler                         0x08000269   Thumb Code     0  startup_stm32f407xx.o(.text)
    EXTI4_IRQHandler                         0x08000269   Thumb Code     0  startup_stm32f407xx.o(.text)
    EXTI9_5_IRQHandler                       0x08000269   Thumb Code     0  startup_stm32f407xx.o(.text)
    FLASH_IRQHandler                         0x08000269   Thumb Code     0  startup_stm32f407xx.o(.text)
    FMC_IRQHandler                           0x08000269   Thumb Code     0  startup_stm32f407xx.o(.text)
    FPU_IRQHandler                           0x08000269   Thumb Code     0  startup_stm32f407xx.o(.text)
    HASH_RNG_IRQHandler                      0x08000269   Thumb Code     0  startup_stm32f407xx.o(.text)
    I2C1_ER_IRQHandler                       0x08000269   Thumb Code     0  startup_stm32f407xx.o(.text)
    I2C1_EV_IRQHandler                       0x08000269   Thumb Code     0  startup_stm32f407xx.o(.text)
    I2C2_ER_IRQHandler                       0x08000269   Thumb Code     0  startup_stm32f407xx.o(.text)
    I2C2_EV_IRQHandler                       0x08000269   Thumb Code     0  startup_stm32f407xx.o(.text)
    I2C3_ER_IRQHandler                       0x08000269   Thumb Code     0  startup_stm32f407xx.o(.text)
    I2C3_EV_IRQHandler                       0x08000269   Thumb Code     0  startup_stm32f407xx.o(.text)
    OTG_FS_IRQHandler                        0x08000269   Thumb Code     0  startup_stm32f407xx.o(.text)
    OTG_FS_WKUP_IRQHandler                   0x08000269   Thumb Code     0  startup_stm32f407xx.o(.text)
    OTG_HS_EP1_IN_IRQHandler                 0x08000269   Thumb Code     0  startup_stm32f407xx.o(.text)
    OTG_HS_EP1_OUT_IRQHandler                0x08000269   Thumb Code     0  startup_stm32f407xx.o(.text)
    OTG_HS_IRQHandler                        0x08000269   Thumb Code     0  startup_stm32f407xx.o(.text)
    OTG_HS_WKUP_IRQHandler                   0x08000269   Thumb Code     0  startup_stm32f407xx.o(.text)
    PVD_IRQHandler                           0x08000269   Thumb Code     0  startup_stm32f407xx.o(.text)
    RCC_IRQHandler                           0x08000269   Thumb Code     0  startup_stm32f407xx.o(.text)
    RTC_Alarm_IRQHandler                     0x08000269   Thumb Code     0  startup_stm32f407xx.o(.text)
    RTC_WKUP_IRQHandler                      0x08000269   Thumb Code     0  startup_stm32f407xx.o(.text)
    SDIO_IRQHandler                          0x08000269   Thumb Code     0  startup_stm32f407xx.o(.text)
    SPI1_IRQHandler                          0x08000269   Thumb Code     0  startup_stm32f407xx.o(.text)
    SPI2_IRQHandler                          0x08000269   Thumb Code     0  startup_stm32f407xx.o(.text)
    SPI3_IRQHandler                          0x08000269   Thumb Code     0  startup_stm32f407xx.o(.text)
    TAMP_STAMP_IRQHandler                    0x08000269   Thumb Code     0  startup_stm32f407xx.o(.text)
    TIM1_BRK_TIM9_IRQHandler                 0x08000269   Thumb Code     0  startup_stm32f407xx.o(.text)
    TIM1_CC_IRQHandler                       0x08000269   Thumb Code     0  startup_stm32f407xx.o(.text)
    TIM1_TRG_COM_TIM11_IRQHandler            0x08000269   Thumb Code     0  startup_stm32f407xx.o(.text)
    TIM1_UP_TIM10_IRQHandler                 0x08000269   Thumb Code     0  startup_stm32f407xx.o(.text)
    TIM2_IRQHandler                          0x08000269   Thumb Code     0  startup_stm32f407xx.o(.text)
    TIM4_IRQHandler                          0x08000269   Thumb Code     0  startup_stm32f407xx.o(.text)
    TIM5_IRQHandler                          0x08000269   Thumb Code     0  startup_stm32f407xx.o(.text)
    TIM6_DAC_IRQHandler                      0x08000269   Thumb Code     0  startup_stm32f407xx.o(.text)
    TIM7_IRQHandler                          0x08000269   Thumb Code     0  startup_stm32f407xx.o(.text)
    TIM8_BRK_TIM12_IRQHandler                0x08000269   Thumb Code     0  startup_stm32f407xx.o(.text)
    TIM8_CC_IRQHandler                       0x08000269   Thumb Code     0  startup_stm32f407xx.o(.text)
    TIM8_TRG_COM_TIM14_IRQHandler            0x08000269   Thumb Code     0  startup_stm32f407xx.o(.text)
    UART4_IRQHandler                         0x08000269   Thumb Code     0  startup_stm32f407xx.o(.text)
    UART5_IRQHandler                         0x08000269   Thumb Code     0  startup_stm32f407xx.o(.text)
    USART2_IRQHandler                        0x08000269   Thumb Code     0  startup_stm32f407xx.o(.text)
    USART3_IRQHandler                        0x08000269   Thumb Code     0  startup_stm32f407xx.o(.text)
    USART6_IRQHandler                        0x08000269   Thumb Code     0  startup_stm32f407xx.o(.text)
    WWDG_IRQHandler                          0x08000269   Thumb Code     0  startup_stm32f407xx.o(.text)
    __user_initial_stackheap                 0x0800026d   Thumb Code     0  startup_stm32f407xx.o(.text)
    __use_no_semihosting                     0x0800028d   Thumb Code     2  use_no_semi_2.o(.text)
    __2printf                                0x08000291   Thumb Code    20  noretval__2printf.o(.text)
    _printf_int_dec                          0x080002a9   Thumb Code   104  _printf_dec.o(.text)
    __printf                                 0x08000321   Thumb Code   270  __printf_wp.o(.text)
    __use_two_region_memory                  0x0800042f   Thumb Code     2  heapauxi.o(.text)
    __rt_heap_escrow$2region                 0x08000431   Thumb Code     2  heapauxi.o(.text)
    __rt_heap_expand$2region                 0x08000433   Thumb Code     2  heapauxi.o(.text)
    __semihosting$guard                      0x08000435   Thumb Code     0  use_no_semi.o(.text)
    __use_no_semihosting_swi                 0x08000435   Thumb Code     2  use_no_semi.o(.text)
    __read_errno                             0x08000437   Thumb Code    10  _rserrno.o(.text)
    __set_errno                              0x08000441   Thumb Code    12  _rserrno.o(.text)
    _printf_int_common                       0x0800044d   Thumb Code   178  _printf_intcommon.o(.text)
    __lib_sel_fp_printf                      0x080004ff   Thumb Code     2  _printf_fp_dec.o(.text)
    _printf_fp_dec_real                      0x080006b1   Thumb Code   620  _printf_fp_dec.o(.text)
    _printf_char_file                        0x0800091d   Thumb Code    32  _printf_char_file.o(.text)
    __rt_locale                              0x08000941   Thumb Code     8  rt_locale_intlibspace.o(.text)
    __aeabi_errno_addr                       0x08000949   Thumb Code     8  rt_errno_addr_intlibspace.o(.text)
    __errno$intlibspace                      0x08000949   Thumb Code     0  rt_errno_addr_intlibspace.o(.text)
    __rt_errno_addr$intlibspace              0x08000949   Thumb Code     0  rt_errno_addr_intlibspace.o(.text)
    _ll_udiv10                               0x08000951   Thumb Code   138  lludiv10.o(.text)
    _printf_char_common                      0x080009e7   Thumb Code    32  _printf_char_common.o(.text)
    _printf_fp_infnan                        0x08000a0d   Thumb Code   112  _printf_fp_infnan.o(.text)
    _btod_etento                             0x08000a8d   Thumb Code   224  bigflt0.o(.text)
    ferror                                   0x08000b71   Thumb Code     8  ferror.o(.text)
    __user_libspace                          0x08000b79   Thumb Code     8  libspace.o(.text)
    __user_perproc_libspace                  0x08000b79   Thumb Code     0  libspace.o(.text)
    __user_perthread_libspace                0x08000b79   Thumb Code     0  libspace.o(.text)
    __user_setup_stackheap                   0x08000b81   Thumb Code    74  sys_stackheap_outer.o(.text)
    exit                                     0x08000bcb   Thumb Code    18  exit.o(.text)
    strcmp                                   0x08000bdd   Thumb Code   128  strcmpv7m.o(.text)
    _btod_d2e                                0x08000c5d   Thumb Code    62  btod.o(CL$$btod_d2e)
    _d2e_denorm_low                          0x08000c9b   Thumb Code    70  btod.o(CL$$btod_d2e_denorm_low)
    _d2e_norm_op1                            0x08000ce1   Thumb Code    96  btod.o(CL$$btod_d2e_norm_op1)
    __btod_div_common                        0x08000d41   Thumb Code   696  btod.o(CL$$btod_div_common)
    _e2e                                     0x08001079   Thumb Code   220  btod.o(CL$$btod_e2e)
    _btod_ediv                               0x08001155   Thumb Code    42  btod.o(CL$$btod_ediv)
    _btod_emul                               0x0800117f   Thumb Code    42  btod.o(CL$$btod_emul)
    __btod_mult_common                       0x080011a9   Thumb Code   580  btod.o(CL$$btod_mult_common)
    AS5600_Init                              0x080013ed   Thumb Code   138  i2c.o(i.AS5600_Init)
    AS5600_ReadRawAngle                      0x08001485   Thumb Code    70  i2c.o(i.AS5600_ReadRawAngle)
    DMA2_Stream0_IRQHandler                  0x080014cd   Thumb Code    52  adc.o(i.DMA2_Stream0_IRQHandler)
    I2C2_Read_ACK                            0x0800150d   Thumb Code    42  i2c.o(i.I2C2_Read_ACK)
    I2C2_Read_NACK                           0x0800153d   Thumb Code    56  i2c.o(i.I2C2_Read_NACK)
    I2C2_Start                               0x08001579   Thumb Code    98  i2c.o(i.I2C2_Start)
    I2C2_Stop                                0x080015e1   Thumb Code    22  i2c.o(i.I2C2_Stop)
    I2C2_Write                               0x08001631   Thumb Code    42  i2c.o(i.I2C2_Write)
    Motorstatuswsitch                        0x08001661   Thumb Code    46  main.o(i.Motorstatuswsitch)
    SPI2_GPIO_MasterInit                     0x08001695   Thumb Code   264  spi.o(i.SPI2_GPIO_MasterInit)
    SPI2_MasterInit                          0x080017a9   Thumb Code    70  spi.o(i.SPI2_MasterInit)
    TIM3_IRQHandler                          0x080017f9   Thumb Code    30  gtim.o(i.TIM3_IRQHandler)
    TIM8_UP_TIM13_IRQHandler                 0x08001821   Thumb Code    38  atim.o(i.TIM8_UP_TIM13_IRQHandler)
    USART1_IRQHandler                        0x08001851   Thumb Code   116  usart.o(i.USART1_IRQHandler)
    __ARM_fpclassify                         0x080018d1   Thumb Code    48  fpclassify.o(i.__ARM_fpclassify)
    __hardfp_cos                             0x08001901   Thumb Code   180  cos.o(i.__hardfp_cos)
    __hardfp_fmod                            0x080019c9   Thumb Code   254  fmod.o(i.__hardfp_fmod)
    __hardfp_sin                             0x08001ad1   Thumb Code   180  sin.o(i.__hardfp_sin)
    __ieee754_rem_pio2                       0x08001b99   Thumb Code   938  rred.o(i.__ieee754_rem_pio2)
    __kernel_cos                             0x08001fd1   Thumb Code   322  cos_i.o(i.__kernel_cos)
    __kernel_poly                            0x08002141   Thumb Code   248  poly.o(i.__kernel_poly)
    __kernel_sin                             0x08002239   Thumb Code   280  sin_i.o(i.__kernel_sin)
    __mathlib_dbl_infnan                     0x08002369   Thumb Code    20  dunder.o(i.__mathlib_dbl_infnan)
    __mathlib_dbl_invalid                    0x08002381   Thumb Code    24  dunder.o(i.__mathlib_dbl_invalid)
    __mathlib_dbl_underflow                  0x080023a1   Thumb Code    24  dunder.o(i.__mathlib_dbl_underflow)
    _is_digit                                0x080023c1   Thumb Code    14  __printf_wp.o(i._is_digit)
    _normalizeAngle                          0x080023d1   Thumb Code    88  foc.o(i._normalizeAngle)
    _sys_exit                                0x08002435   Thumb Code     4  usart.o(i._sys_exit)
    adc_init                                 0x08002439   Thumb Code   162  adc.o(i.adc_init)
    atim_timx_cplm_pwm_init                  0x080024ed   Thumb Code   750  atim.o(i.atim_timx_cplm_pwm_init)
    atim_timx_cplm_pwm_set                   0x080027f9   Thumb Code    76  atim.o(i.atim_timx_cplm_pwm_set)
    calibrate_current_offset                 0x08002849   Thumb Code   184  adc.o(i.calibrate_current_offset)
    delay_init                               0x0800297d   Thumb Code    38  delay.o(i.delay_init)
    delay_ms                                 0x080029a9   Thumb Code    18  delay.o(i.delay_ms)
    delay_us                                 0x080029bd   Thumb Code    68  delay.o(i.delay_us)
    dma_init                                 0x08002a05   Thumb Code   206  adc.o(i.dma_init)
    fabs                                     0x08002ae9   Thumb Code    24  fabs.o(i.fabs)
    foc_init                                 0x08002b01   Thumb Code   174  foc.o(i.foc_init)
    foc_main_spwm                            0x08002be1   Thumb Code   146  foc.o(i.foc_main_spwm)
    fputc                                    0x08002c81   Thumb Code    22  usart.o(i.fputc)
    get_phase_current                        0x08002c9d   Thumb Code    30  adc.o(i.get_phase_current)
    get_phase_current_raw                    0x08002cc1   Thumb Code    62  adc.o(i.get_phase_current_raw)
    get_three_phase_currents                 0x08002d19   Thumb Code    70  adc.o(i.get_three_phase_currents)
    gtim_timx_int_init                       0x08002d65   Thumb Code    76  gtim.o(i.gtim_timx_int_init)
    init_moving_means                        0x08002db9   Thumb Code    38  pid.o(i.init_moving_means)
    inverse_clarke_transform                 0x08002ded   Thumb Code   206  foc.o(i.inverse_clarke_transform)
    inverse_park_transform                   0x08002ed1   Thumb Code   140  foc.o(i.inverse_park_transform)
    led_init                                 0x08002f5d   Thumb Code    90  led.o(i.led_init)
    main                                     0x08002fc1   Thumb Code   310  main.o(i.main)
    phasesetpwm                              0x0800310d   Thumb Code   370  foc.o(i.phasesetpwm)
    speed_rampup                             0x08003289   Thumb Code    92  foc.o(i.speed_rampup)
    sys_clock_set                            0x080032ed   Thumb Code   382  sys.o(i.sys_clock_set)
    sys_gpio_af_set                          0x08003479   Thumb Code   104  sys.o(i.sys_gpio_af_set)
    sys_gpio_pin_set                         0x080034e1   Thumb Code    24  sys.o(i.sys_gpio_pin_set)
    sys_gpio_set                             0x080034f9   Thumb Code   222  sys.o(i.sys_gpio_set)
    sys_nvic_init                            0x080035d9   Thumb Code   116  sys.o(i.sys_nvic_init)
    sys_nvic_set_vector_table                0x08003679   Thumb Code    12  sys.o(i.sys_nvic_set_vector_table)
    sys_stm32_clock_init                     0x08003689   Thumb Code    58  sys.o(i.sys_stm32_clock_init)
    usart_init                               0x080036c9   Thumb Code   206  usart.o(i.usart_init)
    _get_lc_numeric                          0x080037a9   Thumb Code    44  lc_numeric_c.o(locale$$code)
    __aeabi_dneg                             0x080037d5   Thumb Code     0  basic.o(x$fpl$basic)
    _dneg                                    0x080037d5   Thumb Code     6  basic.o(x$fpl$basic)
    __aeabi_fneg                             0x080037db   Thumb Code     0  basic.o(x$fpl$basic)
    _fneg                                    0x080037db   Thumb Code     6  basic.o(x$fpl$basic)
    _dabs                                    0x080037e1   Thumb Code     6  basic.o(x$fpl$basic)
    _fabs                                    0x080037e7   Thumb Code     6  basic.o(x$fpl$basic)
    __aeabi_d2f                              0x080037ed   Thumb Code     0  d2f.o(x$fpl$d2f)
    _d2f                                     0x080037ed   Thumb Code    98  d2f.o(x$fpl$d2f)
    __aeabi_dadd                             0x08003851   Thumb Code     0  daddsub_clz.o(x$fpl$dadd)
    _dadd                                    0x08003851   Thumb Code   332  daddsub_clz.o(x$fpl$dadd)
    __aeabi_ddiv                             0x080039a1   Thumb Code     0  ddiv.o(x$fpl$ddiv)
    _ddiv                                    0x080039a1   Thumb Code   552  ddiv.o(x$fpl$ddiv)
    __aeabi_d2iz                             0x08003c51   Thumb Code     0  dfix.o(x$fpl$dfix)
    _dfix                                    0x08003c51   Thumb Code    94  dfix.o(x$fpl$dfix)
    __aeabi_i2d                              0x08003caf   Thumb Code     0  dflt_clz.o(x$fpl$dflt)
    _dflt                                    0x08003caf   Thumb Code    46  dflt_clz.o(x$fpl$dflt)
    __aeabi_ui2d                             0x08003cdd   Thumb Code     0  dflt_clz.o(x$fpl$dfltu)
    _dfltu                                   0x08003cdd   Thumb Code    38  dflt_clz.o(x$fpl$dfltu)
    __aeabi_dmul                             0x08003d05   Thumb Code     0  dmul.o(x$fpl$dmul)
    _dmul                                    0x08003d05   Thumb Code   332  dmul.o(x$fpl$dmul)
    __fpl_dnaninf                            0x08003e59   Thumb Code   156  dnaninf.o(x$fpl$dnaninf)
    _drem                                    0x08003ef5   Thumb Code   328  drem_clz.o(x$fpl$drem)
    __fpl_dretinf                            0x08004045   Thumb Code    12  dretinf.o(x$fpl$dretinf)
    __aeabi_drsub                            0x08004051   Thumb Code     0  daddsub_clz.o(x$fpl$drsb)
    _drsb                                    0x08004051   Thumb Code    22  daddsub_clz.o(x$fpl$drsb)
    __aeabi_dsub                             0x08004069   Thumb Code     0  daddsub_clz.o(x$fpl$dsub)
    _dsub                                    0x08004069   Thumb Code   464  daddsub_clz.o(x$fpl$dsub)
    __aeabi_f2d                              0x0800423d   Thumb Code     0  f2d.o(x$fpl$f2d)
    _f2d                                     0x0800423d   Thumb Code    86  f2d.o(x$fpl$f2d)
    __fpl_fnaninf                            0x08004293   Thumb Code   140  fnaninf.o(x$fpl$fnaninf)
    _fp_init                                 0x0800431f   Thumb Code    10  fpinit.o(x$fpl$fpinit)
    __fplib_config_fpu_vfp                   0x08004327   Thumb Code     0  fpinit.o(x$fpl$fpinit)
    __fplib_config_pureend_doubles           0x08004327   Thumb Code     0  fpinit.o(x$fpl$fpinit)
    __fpl_fretinf                            0x08004329   Thumb Code    10  fretinf.o(x$fpl$fretinf)
    _printf_fp_dec                           0x08004333   Thumb Code     4  printf1.o(x$fpl$printf1)
    __I$use$fp                               0x08004336   Number         0  usenofp.o(x$fpl$usenofp)
    Region$$Table$$Base                      0x080044ec   Number         0  anon$$obj.o(Region$$Table)
    Region$$Table$$Limit                     0x0800450c   Number         0  anon$$obj.o(Region$$Table)
    __stdout                                 0x20000008   Data           4  usart.o(.data)
    g_usart_rx_sta                           0x2000000c   Data           2  usart.o(.data)
    TaskTimePare                             0x2000000e   Data           8  gtim.o(.data)
    g_adc_dma_sta                            0x20000018   Data           1  adc.o(.data)
    adc_buffer                               0x2000001a   Data           6  adc.o(.data)
    motor_state                              0x20000030   Data           1  foc.o(.data)
    MotorRotateValue                         0x20000031   Data           1  foc.o(.data)
    anglevaluesum                            0x20000034   Data           4  pid.o(.data)
    anglecycle                               0x20000038   Data           2  pid.o(.data)
    anglepid                                 0x2000003c   Data          36  pid.o(.data)
    g_usart_rx_buf                           0x20000060   Data         200  usart.o(.bss)
    g_adc_dma_buf                            0x20000128   Data         600  adc.o(.bss)
    current_offset                           0x20000380   Data          12  adc.o(.bss)
    my_motor                                 0x2000038c   Data         176  foc.o(.bss)
    fmechanicalangle                         0x2000043c   Data          12  pid.o(.bss)
    umechanicalangle                         0x20000448   Data          52  pid.o(.bss)
    __libspace_start                         0x2000047c   Data          96  libspace.o(.bss)
    __temporary_stack_top$libspace           0x200004dc   Data           0  libspace.o(.bss)



==============================================================================

Memory Map of the image

  Image Entry point : 0x08000189

  Load Region LR_IROM1 (Base: 0x08000000, Size: 0x00004588, Max: 0x00100000, ABSOLUTE)

    Execution Region ER_IROM1 (Exec base: 0x08000000, Load base: 0x08000000, Size: 0x00004528, Max: 0x00100000, ABSOLUTE)

    Exec Addr    Load Addr    Size         Type   Attr      Idx    E Section Name        Object

    0x08000000   0x08000000   0x00000188   Data   RO            3    RESET               startup_stm32f407xx.o
    0x08000188   0x08000188   0x00000008   Code   RO         1070  * !!!main             c_w.l(__main.o)
    0x08000190   0x08000190   0x00000034   Code   RO         1520    !!!scatter          c_w.l(__scatter.o)
    0x080001c4   0x080001c4   0x0000001a   Code   RO         1522    !!handler_copy      c_w.l(__scatter_copy.o)
    0x080001de   0x080001de   0x00000002   PAD
    0x080001e0   0x080001e0   0x0000001c   Code   RO         1524    !!handler_zi        c_w.l(__scatter_zi.o)
    0x080001fc   0x080001fc   0x00000000   Code   RO         1067    .ARM.Collect$$_printf_percent$$00000000  c_w.l(_printf_percent.o)
    0x080001fc   0x080001fc   0x00000006   Code   RO         1066    .ARM.Collect$$_printf_percent$$00000003  c_w.l(_printf_f.o)
    0x08000202   0x08000202   0x00000006   Code   RO         1065    .ARM.Collect$$_printf_percent$$00000009  c_w.l(_printf_d.o)
    0x08000208   0x08000208   0x00000004   Code   RO         1211    .ARM.Collect$$_printf_percent$$00000017  c_w.l(_printf_percent_end.o)
    0x0800020c   0x0800020c   0x00000002   Code   RO         1396    .ARM.Collect$$libinit$$00000000  c_w.l(libinit.o)
    0x0800020e   0x0800020e   0x00000004   Code   RO         1397    .ARM.Collect$$libinit$$00000001  c_w.l(libinit2.o)
    0x08000212   0x08000212   0x00000000   Code   RO         1400    .ARM.Collect$$libinit$$00000004  c_w.l(libinit2.o)
    0x08000212   0x08000212   0x00000000   Code   RO         1403    .ARM.Collect$$libinit$$0000000A  c_w.l(libinit2.o)
    0x08000212   0x08000212   0x00000000   Code   RO         1405    .ARM.Collect$$libinit$$0000000C  c_w.l(libinit2.o)
    0x08000212   0x08000212   0x00000000   Code   RO         1407    .ARM.Collect$$libinit$$0000000E  c_w.l(libinit2.o)
    0x08000212   0x08000212   0x00000006   Code   RO         1408    .ARM.Collect$$libinit$$0000000F  c_w.l(libinit2.o)
    0x08000218   0x08000218   0x00000000   Code   RO         1410    .ARM.Collect$$libinit$$00000011  c_w.l(libinit2.o)
    0x08000218   0x08000218   0x00000000   Code   RO         1412    .ARM.Collect$$libinit$$00000013  c_w.l(libinit2.o)
    0x08000218   0x08000218   0x00000000   Code   RO         1414    .ARM.Collect$$libinit$$00000015  c_w.l(libinit2.o)
    0x08000218   0x08000218   0x0000000a   Code   RO         1415    .ARM.Collect$$libinit$$00000016  c_w.l(libinit2.o)
    0x08000222   0x08000222   0x00000000   Code   RO         1416    .ARM.Collect$$libinit$$00000017  c_w.l(libinit2.o)
    0x08000222   0x08000222   0x00000000   Code   RO         1418    .ARM.Collect$$libinit$$00000019  c_w.l(libinit2.o)
    0x08000222   0x08000222   0x00000000   Code   RO         1420    .ARM.Collect$$libinit$$0000001B  c_w.l(libinit2.o)
    0x08000222   0x08000222   0x00000000   Code   RO         1422    .ARM.Collect$$libinit$$0000001D  c_w.l(libinit2.o)
    0x08000222   0x08000222   0x00000000   Code   RO         1424    .ARM.Collect$$libinit$$0000001F  c_w.l(libinit2.o)
    0x08000222   0x08000222   0x00000000   Code   RO         1426    .ARM.Collect$$libinit$$00000021  c_w.l(libinit2.o)
    0x08000222   0x08000222   0x00000000   Code   RO         1428    .ARM.Collect$$libinit$$00000023  c_w.l(libinit2.o)
    0x08000222   0x08000222   0x00000000   Code   RO         1430    .ARM.Collect$$libinit$$00000025  c_w.l(libinit2.o)
    0x08000222   0x08000222   0x00000000   Code   RO         1434    .ARM.Collect$$libinit$$0000002C  c_w.l(libinit2.o)
    0x08000222   0x08000222   0x00000000   Code   RO         1436    .ARM.Collect$$libinit$$0000002E  c_w.l(libinit2.o)
    0x08000222   0x08000222   0x00000000   Code   RO         1438    .ARM.Collect$$libinit$$00000030  c_w.l(libinit2.o)
    0x08000222   0x08000222   0x00000000   Code   RO         1440    .ARM.Collect$$libinit$$00000032  c_w.l(libinit2.o)
    0x08000222   0x08000222   0x00000002   Code   RO         1441    .ARM.Collect$$libinit$$00000033  c_w.l(libinit2.o)
    0x08000224   0x08000224   0x00000002   Code   RO         1471    .ARM.Collect$$libshutdown$$00000000  c_w.l(libshutdown.o)
    0x08000226   0x08000226   0x00000000   Code   RO         1479    .ARM.Collect$$libshutdown$$00000002  c_w.l(libshutdown2.o)
    0x08000226   0x08000226   0x00000000   Code   RO         1481    .ARM.Collect$$libshutdown$$00000004  c_w.l(libshutdown2.o)
    0x08000226   0x08000226   0x00000000   Code   RO         1483    .ARM.Collect$$libshutdown$$00000006  c_w.l(libshutdown2.o)
    0x08000226   0x08000226   0x00000000   Code   RO         1486    .ARM.Collect$$libshutdown$$00000009  c_w.l(libshutdown2.o)
    0x08000226   0x08000226   0x00000000   Code   RO         1489    .ARM.Collect$$libshutdown$$0000000C  c_w.l(libshutdown2.o)
    0x08000226   0x08000226   0x00000000   Code   RO         1491    .ARM.Collect$$libshutdown$$0000000E  c_w.l(libshutdown2.o)
    0x08000226   0x08000226   0x00000000   Code   RO         1494    .ARM.Collect$$libshutdown$$00000011  c_w.l(libshutdown2.o)
    0x08000226   0x08000226   0x00000002   Code   RO         1495    .ARM.Collect$$libshutdown$$00000012  c_w.l(libshutdown2.o)
    0x08000228   0x08000228   0x00000000   Code   RO         1202    .ARM.Collect$$rtentry$$00000000  c_w.l(__rtentry.o)
    0x08000228   0x08000228   0x00000000   Code   RO         1306    .ARM.Collect$$rtentry$$00000002  c_w.l(__rtentry2.o)
    0x08000228   0x08000228   0x00000006   Code   RO         1318    .ARM.Collect$$rtentry$$00000004  c_w.l(__rtentry4.o)
    0x0800022e   0x0800022e   0x00000000   Code   RO         1308    .ARM.Collect$$rtentry$$00000009  c_w.l(__rtentry2.o)
    0x0800022e   0x0800022e   0x00000004   Code   RO         1309    .ARM.Collect$$rtentry$$0000000A  c_w.l(__rtentry2.o)
    0x08000232   0x08000232   0x00000000   Code   RO         1311    .ARM.Collect$$rtentry$$0000000C  c_w.l(__rtentry2.o)
    0x08000232   0x08000232   0x00000008   Code   RO         1312    .ARM.Collect$$rtentry$$0000000D  c_w.l(__rtentry2.o)
    0x0800023a   0x0800023a   0x00000002   Code   RO         1444    .ARM.Collect$$rtexit$$00000000  c_w.l(rtexit.o)
    0x0800023c   0x0800023c   0x00000000   Code   RO         1453    .ARM.Collect$$rtexit$$00000002  c_w.l(rtexit2.o)
    0x0800023c   0x0800023c   0x00000004   Code   RO         1454    .ARM.Collect$$rtexit$$00000003  c_w.l(rtexit2.o)
    0x08000240   0x08000240   0x00000006   Code   RO         1455    .ARM.Collect$$rtexit$$00000004  c_w.l(rtexit2.o)
    0x08000246   0x08000246   0x00000002   PAD
    0x08000248   0x08000248   0x00000044   Code   RO            4    .text               startup_stm32f407xx.o
    0x0800028c   0x0800028c   0x00000002   Code   RO         1035    .text               c_w.l(use_no_semi_2.o)
    0x0800028e   0x0800028e   0x00000002   PAD
    0x08000290   0x08000290   0x00000018   Code   RO         1039    .text               c_w.l(noretval__2printf.o)
    0x080002a8   0x080002a8   0x00000078   Code   RO         1043    .text               c_w.l(_printf_dec.o)
    0x08000320   0x08000320   0x0000010e   Code   RO         1053    .text               c_w.l(__printf_wp.o)
    0x0800042e   0x0800042e   0x00000006   Code   RO         1068    .text               c_w.l(heapauxi.o)
    0x08000434   0x08000434   0x00000002   Code   RO         1200    .text               c_w.l(use_no_semi.o)
    0x08000436   0x08000436   0x00000016   Code   RO         1203    .text               c_w.l(_rserrno.o)
    0x0800044c   0x0800044c   0x000000b2   Code   RO         1205    .text               c_w.l(_printf_intcommon.o)
    0x080004fe   0x080004fe   0x0000041e   Code   RO         1207    .text               c_w.l(_printf_fp_dec.o)
    0x0800091c   0x0800091c   0x00000024   Code   RO         1209    .text               c_w.l(_printf_char_file.o)
    0x08000940   0x08000940   0x00000008   Code   RO         1323    .text               c_w.l(rt_locale_intlibspace.o)
    0x08000948   0x08000948   0x00000008   Code   RO         1328    .text               c_w.l(rt_errno_addr_intlibspace.o)
    0x08000950   0x08000950   0x0000008a   Code   RO         1330    .text               c_w.l(lludiv10.o)
    0x080009da   0x080009da   0x00000002   PAD
    0x080009dc   0x080009dc   0x00000030   Code   RO         1332    .text               c_w.l(_printf_char_common.o)
    0x08000a0c   0x08000a0c   0x00000080   Code   RO         1334    .text               c_w.l(_printf_fp_infnan.o)
    0x08000a8c   0x08000a8c   0x000000e4   Code   RO         1336    .text               c_w.l(bigflt0.o)
    0x08000b70   0x08000b70   0x00000008   Code   RO         1361    .text               c_w.l(ferror.o)
    0x08000b78   0x08000b78   0x00000008   Code   RO         1380    .text               c_w.l(libspace.o)
    0x08000b80   0x08000b80   0x0000004a   Code   RO         1383    .text               c_w.l(sys_stackheap_outer.o)
    0x08000bca   0x08000bca   0x00000012   Code   RO         1387    .text               c_w.l(exit.o)
    0x08000bdc   0x08000bdc   0x00000080   Code   RO         1389    .text               c_w.l(strcmpv7m.o)
    0x08000c5c   0x08000c5c   0x0000003e   Code   RO         1339    CL$$btod_d2e        c_w.l(btod.o)
    0x08000c9a   0x08000c9a   0x00000046   Code   RO         1341    CL$$btod_d2e_denorm_low  c_w.l(btod.o)
    0x08000ce0   0x08000ce0   0x00000060   Code   RO         1340    CL$$btod_d2e_norm_op1  c_w.l(btod.o)
    0x08000d40   0x08000d40   0x00000338   Code   RO         1349    CL$$btod_div_common  c_w.l(btod.o)
    0x08001078   0x08001078   0x000000dc   Code   RO         1346    CL$$btod_e2e        c_w.l(btod.o)
    0x08001154   0x08001154   0x0000002a   Code   RO         1343    CL$$btod_ediv       c_w.l(btod.o)
    0x0800117e   0x0800117e   0x0000002a   Code   RO         1342    CL$$btod_emul       c_w.l(btod.o)
    0x080011a8   0x080011a8   0x00000244   Code   RO         1348    CL$$btod_mult_common  c_w.l(btod.o)
    0x080013ec   0x080013ec   0x00000098   Code   RO          617    i.AS5600_Init       i2c.o
    0x08001484   0x08001484   0x00000046   Code   RO          620    i.AS5600_ReadRawAngle  i2c.o
    0x080014ca   0x080014ca   0x00000002   PAD
    0x080014cc   0x080014cc   0x00000040   Code   RO          434    i.DMA2_Stream0_IRQHandler  adc.o
    0x0800150c   0x0800150c   0x00000030   Code   RO          626    i.I2C2_Read_ACK     i2c.o
    0x0800153c   0x0800153c   0x0000003c   Code   RO          627    i.I2C2_Read_NACK    i2c.o
    0x08001578   0x08001578   0x00000068   Code   RO          628    i.I2C2_Start        i2c.o
    0x080015e0   0x080015e0   0x0000001c   Code   RO          629    i.I2C2_Stop         i2c.o
    0x080015fc   0x080015fc   0x00000034   Code   RO          630    i.I2C2_WaitFlag     i2c.o
    0x08001630   0x08001630   0x00000030   Code   RO          631    i.I2C2_Write        i2c.o
    0x08001660   0x08001660   0x00000034   Code   RO           13    i.Motorstatuswsitch  main.o
    0x08001694   0x08001694   0x00000114   Code   RO          563    i.SPI2_GPIO_MasterInit  spi.o
    0x080017a8   0x080017a8   0x00000050   Code   RO          564    i.SPI2_MasterInit   spi.o
    0x080017f8   0x080017f8   0x00000028   Code   RO          395    i.TIM3_IRQHandler   gtim.o
    0x08001820   0x08001820   0x00000030   Code   RO          352    i.TIM8_UP_TIM13_IRQHandler  atim.o
    0x08001850   0x08001850   0x00000080   Code   RO          287    i.USART1_IRQHandler  usart.o
    0x080018d0   0x080018d0   0x00000030   Code   RO         1270    i.__ARM_fpclassify  m_wm.l(fpclassify.o)
    0x08001900   0x08001900   0x000000c8   Code   RO         1098    i.__hardfp_cos      m_wm.l(cos.o)
    0x080019c8   0x080019c8   0x00000104   Code   RO         1122    i.__hardfp_fmod     m_wm.l(fmod.o)
    0x08001acc   0x08001acc   0x00000004   PAD
    0x08001ad0   0x08001ad0   0x000000c8   Code   RO         1148    i.__hardfp_sin      m_wm.l(sin.o)
    0x08001b98   0x08001b98   0x00000438   Code   RO         1291    i.__ieee754_rem_pio2  m_wm.l(rred.o)
    0x08001fd0   0x08001fd0   0x00000170   Code   RO         1247    i.__kernel_cos      m_wm.l(cos_i.o)
    0x08002140   0x08002140   0x000000f8   Code   RO         1288    i.__kernel_poly     m_wm.l(poly.o)
    0x08002238   0x08002238   0x00000130   Code   RO         1299    i.__kernel_sin      m_wm.l(sin_i.o)
    0x08002368   0x08002368   0x00000014   Code   RO         1251    i.__mathlib_dbl_infnan  m_wm.l(dunder.o)
    0x0800237c   0x0800237c   0x00000004   PAD
    0x08002380   0x08002380   0x00000020   Code   RO         1253    i.__mathlib_dbl_invalid  m_wm.l(dunder.o)
    0x080023a0   0x080023a0   0x00000020   Code   RO         1256    i.__mathlib_dbl_underflow  m_wm.l(dunder.o)
    0x080023c0   0x080023c0   0x0000000e   Code   RO         1055    i._is_digit         c_w.l(__printf_wp.o)
    0x080023ce   0x080023ce   0x00000002   PAD
    0x080023d0   0x080023d0   0x00000064   Code   RO          756    i._normalizeAngle   foc.o
    0x08002434   0x08002434   0x00000004   Code   RO          289    i._sys_exit         usart.o
    0x08002438   0x08002438   0x000000b4   Code   RO          435    i.adc_init          adc.o
    0x080024ec   0x080024ec   0x0000030c   Code   RO          353    i.atim_timx_cplm_pwm_init  atim.o
    0x080027f8   0x080027f8   0x00000050   Code   RO          354    i.atim_timx_cplm_pwm_set  atim.o
    0x08002848   0x08002848   0x00000134   Code   RO          436    i.calibrate_current_offset  adc.o
    0x0800297c   0x0800297c   0x0000002c   Code   RO          120    i.delay_init        delay.o
    0x080029a8   0x080029a8   0x00000012   Code   RO          121    i.delay_ms          delay.o
    0x080029ba   0x080029ba   0x00000002   PAD
    0x080029bc   0x080029bc   0x00000048   Code   RO          122    i.delay_us          delay.o
    0x08002a04   0x08002a04   0x000000e4   Code   RO          439    i.dma_init          adc.o
    0x08002ae8   0x08002ae8   0x00000018   Code   RO         1266    i.fabs              m_wm.l(fabs.o)
    0x08002b00   0x08002b00   0x000000e0   Code   RO          757    i.foc_init          foc.o
    0x08002be0   0x08002be0   0x000000a0   Code   RO          758    i.foc_main_spwm     foc.o
    0x08002c80   0x08002c80   0x0000001c   Code   RO          291    i.fputc             usart.o
    0x08002c9c   0x08002c9c   0x00000024   Code   RO          442    i.get_phase_current  adc.o
    0x08002cc0   0x08002cc0   0x00000058   Code   RO          443    i.get_phase_current_raw  adc.o
    0x08002d18   0x08002d18   0x0000004c   Code   RO          444    i.get_three_phase_currents  adc.o
    0x08002d64   0x08002d64   0x00000054   Code   RO          396    i.gtim_timx_int_init  gtim.o
    0x08002db8   0x08002db8   0x00000034   Code   RO          866    i.init_moving_means  pid.o
    0x08002dec   0x08002dec   0x000000e4   Code   RO          761    i.inverse_clarke_transform  foc.o
    0x08002ed0   0x08002ed0   0x0000008c   Code   RO          764    i.inverse_park_transform  foc.o
    0x08002f5c   0x08002f5c   0x00000064   Code   RO          539    i.led_init          led.o
    0x08002fc0   0x08002fc0   0x0000014c   Code   RO           14    i.main              main.o
    0x0800310c   0x0800310c   0x0000017c   Code   RO          765    i.phasesetpwm       foc.o
    0x08003288   0x08003288   0x00000064   Code   RO          766    i.speed_rampup      foc.o
    0x080032ec   0x080032ec   0x0000018c   Code   RO          158    i.sys_clock_set     sys.o
    0x08003478   0x08003478   0x00000068   Code   RO          159    i.sys_gpio_af_set   sys.o
    0x080034e0   0x080034e0   0x00000018   Code   RO          161    i.sys_gpio_pin_set  sys.o
    0x080034f8   0x080034f8   0x000000de   Code   RO          162    i.sys_gpio_set      sys.o
    0x080035d6   0x080035d6   0x00000002   PAD
    0x080035d8   0x080035d8   0x00000078   Code   RO          167    i.sys_nvic_init     sys.o
    0x08003650   0x08003650   0x00000028   Code   RO          168    i.sys_nvic_priority_group_config  sys.o
    0x08003678   0x08003678   0x00000010   Code   RO          169    i.sys_nvic_set_vector_table  sys.o
    0x08003688   0x08003688   0x00000040   Code   RO          172    i.sys_stm32_clock_init  sys.o
    0x080036c8   0x080036c8   0x000000e0   Code   RO          292    i.usart_init        usart.o
    0x080037a8   0x080037a8   0x0000002c   Code   RO         1366    locale$$code        c_w.l(lc_numeric_c.o)
    0x080037d4   0x080037d4   0x00000018   Code   RO         1212    x$fpl$basic         fz_wm.l(basic.o)
    0x080037ec   0x080037ec   0x00000062   Code   RO         1072    x$fpl$d2f           fz_wm.l(d2f.o)
    0x0800384e   0x0800384e   0x00000002   PAD
    0x08003850   0x08003850   0x00000150   Code   RO         1074    x$fpl$dadd          fz_wm.l(daddsub_clz.o)
    0x080039a0   0x080039a0   0x000002b0   Code   RO         1215    x$fpl$ddiv          fz_wm.l(ddiv.o)
    0x08003c50   0x08003c50   0x0000005e   Code   RO         1372    x$fpl$dfix          fz_wm.l(dfix.o)
    0x08003cae   0x08003cae   0x0000002e   Code   RO         1219    x$fpl$dflt          fz_wm.l(dflt_clz.o)
    0x08003cdc   0x08003cdc   0x00000026   Code   RO         1218    x$fpl$dfltu         fz_wm.l(dflt_clz.o)
    0x08003d02   0x08003d02   0x00000002   PAD
    0x08003d04   0x08003d04   0x00000154   Code   RO         1080    x$fpl$dmul          fz_wm.l(dmul.o)
    0x08003e58   0x08003e58   0x0000009c   Code   RO         1226    x$fpl$dnaninf       fz_wm.l(dnaninf.o)
    0x08003ef4   0x08003ef4   0x00000150   Code   RO         1228    x$fpl$drem          fz_wm.l(drem_clz.o)
    0x08004044   0x08004044   0x0000000c   Code   RO         1230    x$fpl$dretinf       fz_wm.l(dretinf.o)
    0x08004050   0x08004050   0x00000016   Code   RO         1075    x$fpl$drsb          fz_wm.l(daddsub_clz.o)
    0x08004066   0x08004066   0x00000002   PAD
    0x08004068   0x08004068   0x000001d4   Code   RO         1076    x$fpl$dsub          fz_wm.l(daddsub_clz.o)
    0x0800423c   0x0800423c   0x00000056   Code   RO         1082    x$fpl$f2d           fz_wm.l(f2d.o)
    0x08004292   0x08004292   0x0000008c   Code   RO         1240    x$fpl$fnaninf       fz_wm.l(fnaninf.o)
    0x0800431e   0x0800431e   0x0000000a   Code   RO         1448    x$fpl$fpinit        fz_wm.l(fpinit.o)
    0x08004328   0x08004328   0x0000000a   Code   RO         1242    x$fpl$fretinf       fz_wm.l(fretinf.o)
    0x08004332   0x08004332   0x00000004   Code   RO         1084    x$fpl$printf1       fz_wm.l(printf1.o)
    0x08004336   0x08004336   0x00000000   Code   RO         1246    x$fpl$usenofp       fz_wm.l(usenofp.o)
    0x08004336   0x08004336   0x00000002   PAD
    0x08004338   0x08004338   0x00000030   Data   RO         1248    .constdata          m_wm.l(cos_i.o)
    0x08004368   0x08004368   0x000000c8   Data   RO         1293    .constdata          m_wm.l(rred.o)
    0x08004430   0x08004430   0x00000028   Data   RO         1300    .constdata          m_wm.l(sin_i.o)
    0x08004458   0x08004458   0x00000094   Data   RO         1337    .constdata          c_w.l(bigflt0.o)
    0x080044ec   0x080044ec   0x00000020   Data   RO         1518    Region$$Table       anon$$obj.o
    0x0800450c   0x0800450c   0x0000001c   Data   RO         1365    locale$$data        c_w.l(lc_numeric_c.o)


    Execution Region RW_IRAM1 (Exec base: 0x20000000, Load base: 0x08004528, Size: 0x000008e0, Max: 0x00020000, ABSOLUTE)

    Exec Addr    Load Addr    Size         Type   Attr      Idx    E Section Name        Object

    0x20000000   0x08004528   0x00000001   Data   RW           15    .data               main.o
    0x20000001   0x08004529   0x00000003   PAD
    0x20000004   0x0800452c   0x00000004   Data   RW          123    .data               delay.o
    0x20000008   0x08004530   0x00000006   Data   RW          294    .data               usart.o
    0x2000000e   0x08004536   0x00000008   Data   RW          397    .data               gtim.o
    0x20000016   0x0800453e   0x00000002   PAD
    0x20000018   0x08004540   0x00000018   Data   RW          446    .data               adc.o
    0x20000030   0x08004558   0x00000002   Data   RW          768    .data               foc.o
    0x20000032   0x0800455a   0x00000002   PAD
    0x20000034   0x0800455c   0x0000002c   Data   RW          869    .data               pid.o
    0x20000060        -       0x000000c8   Zero   RW          293    .bss                usart.o
    0x20000128        -       0x00000264   Zero   RW          445    .bss                adc.o
    0x2000038c        -       0x000000b0   Zero   RW          767    .bss                foc.o
    0x2000043c        -       0x00000040   Zero   RW          868    .bss                pid.o
    0x2000047c        -       0x00000060   Zero   RW         1381    .bss                c_w.l(libspace.o)
    0x200004dc   0x08004588   0x00000004   PAD
    0x200004e0        -       0x00000000   Zero   RW            2    HEAP                startup_stm32f407xx.o
    0x200004e0        -       0x00000400   Zero   RW            1    STACK               startup_stm32f407xx.o


==============================================================================

Image component sizes


      Code (inc. data)   RO Data    RW Data    ZI Data      Debug   Object Name

       980        214          0         24        612      37547   adc.o
       908         44          0          0          0      32673   atim.o
       134         10          0          4          0       2167   delay.o
      1332        116          0          2        176       8106   foc.o
       124         18          0          8          0       2290   gtim.o
       562         42          0          0          0       5707   i2c.o
       100         10          0          0          0        563   led.o
       384         36          0          1          0     565079   main.o
        52         14          0         44         64       1886   pid.o
       356         22          0          0          0       1177   spi.o
        68         24        392          0       1024       1036   startup_stm32f407xx.o
       986         36          0          0          0     565543   sys.o
       384         36          0          6        200       4593   usart.o

    ----------------------------------------------------------------------
      6376        622        424         96       2076    1228367   Object Totals
         0          0         32          0          0          0   (incl. Generated)
         6          0          0          7          0          0   (incl. Padding)

    ----------------------------------------------------------------------

      Code (inc. data)   RO Data    RW Data    ZI Data      Debug   Library Member Name

         8          0          0          0          0         68   __main.o
       284          0          0          0          0        156   __printf_wp.o
         0          0          0          0          0          0   __rtentry.o
        12          0          0          0          0          0   __rtentry2.o
         6          0          0          0          0          0   __rtentry4.o
        52          8          0          0          0          0   __scatter.o
        26          0          0          0          0          0   __scatter_copy.o
        28          0          0          0          0          0   __scatter_zi.o
        48          6          0          0          0         96   _printf_char_common.o
        36          4          0          0          0         80   _printf_char_file.o
         6          0          0          0          0          0   _printf_d.o
       120         16          0          0          0         92   _printf_dec.o
         6          0          0          0          0          0   _printf_f.o
      1054          0          0          0          0        216   _printf_fp_dec.o
       128         16          0          0          0         84   _printf_fp_infnan.o
       178          0          0          0          0         88   _printf_intcommon.o
         0          0          0          0          0          0   _printf_percent.o
         4          0          0          0          0          0   _printf_percent_end.o
        22          0          0          0          0        100   _rserrno.o
       228          4        148          0          0         96   bigflt0.o
      1936        128          0          0          0        672   btod.o
        18          0          0          0          0         80   exit.o
         8          0          0          0          0         68   ferror.o
         6          0          0          0          0        152   heapauxi.o
        44         10         28          0          0         76   lc_numeric_c.o
         2          0          0          0          0          0   libinit.o
        22          0          0          0          0          0   libinit2.o
         2          0          0          0          0          0   libshutdown.o
         2          0          0          0          0          0   libshutdown2.o
         8          4          0          0         96         68   libspace.o
       138          0          0          0          0         80   lludiv10.o
        24          4          0          0          0         84   noretval__2printf.o
         8          4          0          0          0         68   rt_errno_addr_intlibspace.o
         8          4          0          0          0         68   rt_locale_intlibspace.o
         2          0          0          0          0          0   rtexit.o
        10          0          0          0          0          0   rtexit2.o
       128          0          0          0          0         68   strcmpv7m.o
        74          0          0          0          0         80   sys_stackheap_outer.o
         2          0          0          0          0         68   use_no_semi.o
         2          0          0          0          0         68   use_no_semi_2.o
        24          0          0          0          0        164   basic.o
        98          4          0          0          0        140   d2f.o
       826         16          0          0          0        492   daddsub_clz.o
       688        140          0          0          0        256   ddiv.o
        94          4          0          0          0        140   dfix.o
        84          0          0          0          0        232   dflt_clz.o
       340         12          0          0          0        152   dmul.o
       156          4          0          0          0        140   dnaninf.o
       336         12          0          0          0        136   drem_clz.o
        12          0          0          0          0        116   dretinf.o
        86          4          0          0          0        132   f2d.o
       140          4          0          0          0        132   fnaninf.o
        10          0          0          0          0        116   fpinit.o
        10          0          0          0          0        116   fretinf.o
         4          0          0          0          0        116   printf1.o
         0          0          0          0          0          0   usenofp.o
       200         20          0          0          0        164   cos.o
       368         46         48          0          0        200   cos_i.o
        84         16          0          0          0        372   dunder.o
        24          0          0          0          0        124   fabs.o
       260          6          0          0          0        144   fmod.o
        48          0          0          0          0        124   fpclassify.o
       248          0          0          0          0        152   poly.o
      1080        142        200          0          0        188   rred.o
       200         20          0          0          0        164   sin.o
       304         24         40          0          0        208   sin_i.o

    ----------------------------------------------------------------------
     10440        686        464          0        100       7196   Library Totals
        26          4          0          0          4          0   (incl. Padding)

    ----------------------------------------------------------------------

      Code (inc. data)   RO Data    RW Data    ZI Data      Debug   Library Name

      4690        208        176          0         96       2776   c_w.l
      2908        200          0          0          0       2580   fz_wm.l
      2816        274        288          0          0       1840   m_wm.l

    ----------------------------------------------------------------------
     10440        686        464          0        100       7196   Library Totals

    ----------------------------------------------------------------------

==============================================================================


      Code (inc. data)   RO Data    RW Data    ZI Data      Debug   

     16816       1308        888         96       2176    1227355   Grand Totals
     16816       1308        888         96       2176    1227355   ELF Image Totals
     16816       1308        888         96          0          0   ROM Totals

==============================================================================

    Total RO  Size (Code + RO Data)                17704 (  17.29kB)
    Total RW  Size (RW Data + ZI Data)              2272 (   2.22kB)
    Total ROM Size (Code + RO Data + RW Data)      17800 (  17.38kB)

==============================================================================

